Microchip MPLAB XC8 Compiler V1.42 ()

Linker command line:

-W-3 --edf=C:\Program Files (x86)\Microchip\xc8\v1.42\dat\en_msgs.txt -cs \
  -h+dist/default/production\Quadcopter.X.production.sym \
  --cmf=dist/default/production\Quadcopter.X.production.cmf -z -Q18F47K40 \
  -oC:\Users\Kenny\AppData\Local\Temp\s4pc.2 \
  -Mdist/default/production/Quadcopter.X.production.map -E1 -ver=XC8 \
  -ASTACK=01B0h-0e7dh -pstack=STACK -ACODE=00h-01FFFFh -ACONST=00h-01FFFFh \
  -ASMALLCONST=0F00h-0FFFhx497 -AMEDIUMCONST=0F00h-0FFFFh,010F00h-01FFFFh \
  -ACOMRAM=01h-05Fh -AABS1=00h-0E7Dh -ABIGRAM=01h-0E7Dh \
  -ARAM=060h-0FFh,0100h-01FFhx13,0E00h-0E7Dh -ABANK0=060h-0FFh \
  -ABANK1=0100h-01FFh -ABANK2=0200h-02FFh -ABANK3=0300h-03FFh \
  -ABANK4=0400h-04FFh -ABANK5=0500h-05FFh -ABANK6=0600h-06FFh \
  -ABANK7=0700h-07FFh -ABANK8=0800h-08FFh -ABANK9=0900h-09FFh \
  -ABANK10=0A00h-0AFFh -ABANK11=0B00h-0BFFh -ABANK12=0C00h-0CFFh \
  -ABANK13=0D00h-0DFFh -ABANK14=0E00h-0E7Dh \
  -ASFR=0E7Eh-0EFFh,0F00h-0F5Fh,0F60h-0FFFh \
  -preset_vec=00h,intcode=08h,intcodelo,powerup,init -pramtop=0F00h \
  -psmallconst=SMALLCONST -pmediumconst=MEDIUMCONST -pconst=CONST \
  -AFARRAM=00h-00h -ACONFIG=0300000h-030000Bh -pconfig=CONFIG \
  -AIDLOC=0200000h-020000Fh -pidloc=IDLOC -AEEDATA=0310000h-03103FFh \
  -peeprom_data=EEDATA \
  -prdata=COMRAM,nvrram=COMRAM,nvbit=COMRAM,rbss=COMRAM,rbit=COMRAM \
  -pfarbss=FARRAM,fardata=FARRAM,nvFARRAM=FARRAM \
  -pintsave_regs=BIGRAM,bigbss=BIGRAM,bigdata=BIGRAM -pbss=RAM \
  -pidata=CODE,irdata=CODE,ibigdata=CODE,ifardata=CODE -prparam=COMRAM \
  C:\Users\Kenny\AppData\Local\Temp\s4pc.obj \
  dist/default/production\Quadcopter.X.production.obj 

Object code version is 3.11

Machine type is 18F47K40

Call graph: (short form)




                Name                               Link     Load   Length Selector   Space Scale
C:\Users\Kenny\AppData\Local\Temp\s4pc.obj
                init                                 8C       8C        4        4       0
                reset_vec                             0        0        4        0       0
                idloc                            200000   200000       10   200000       0
                config                           300000   300000        C   300000       0
dist/default/production\Quadcopter.X.production.obj
                intcode                               8        8       84        4       0
                temp                                 4C       4C        1        1       1
                smallconst                          F00      F00       CA      780       0
                text82                             4A24     4A24       2C      7E5       0
                text81                             49F8     49F8       2C      7E5       0
                text80                             493C     493C       32      7E5       0
                text79                             490A     490A       32      7E5       0
                text78                             4382     4382       96      7E5       0
                text77                             4A76     4A76       26      7E5       0
                text75                             4C10     4C10       12      7E5       0
                text74                             4BD4     4BD4       16      7E5       0
                text73                             486A     486A       38      7E5       0
                text72                             4C5A     4C5A        C      7E5       0
                text71                             4AE4     4AE4       20      7E5       0
                text70                             3D94     3D94       FE      7E5       0
                text69                             4BBE     4BBE       16      7E5       0
                text68                             4BA8     4BA8       16      7E5       0
                text67                             4B92     4B92       16      7E5       0
                text66                             4B7C     4B7C       16      7E5       0
                text65                             4CAC     4CAC        4      7E5       0
                text64                             496E     496E       30      7E5       0
                text63                             4C40     4C40        E      7E5       0
                text62                             4CA8     4CA8        4      7E5       0
                text61                             48A2     48A2       36      7E5       0
                text60                             499E     499E       2E      7E5       0
                text59                             4B5E     4B5E       1E      7E5       0
                text58                             4CA4     4CA4        4      7E5       0
                text57                             4C84     4C84        A      7E5       0
                text56                             4228     4228       AE      7E5       0
                text55                             4AC0     4AC0       24      7E5       0
                text54                             2C06     2C06      268      7E5       0
                text53                             4732     4732       4C      7E5       0
                text52                             3556     3556      14C      7E5       0
                text51                             4160     4160       C8      7E5       0
                text50                             3E92     3E92       F4      7E5       0
                text49                             4A50     4A50       26      7E5       0
                text48                             4078     4078       E8      7E5       0
                text47                             4A9C     4A9C       24      7E5       0
                text46                             48D8     48D8       32      7E5       0
                text45                             3070     3070      1F2      7E5       0
                text44                             26DE     26DE      2B6      7E5       0
                text43                             47BC     47BC       3E      7E5       0
                text42                             477E     477E       3E      7E5       0
                text41                             20AC     20AC      344      7E5       0
                text40                             23F0     23F0      2EE      7E5       0
                text39                             2E6E     2E6E      202      7E5       0
                text38                             3F86     3F86       F2      7E5       0
                text37                             4C9A     4C9A        6      7E5       0
                text36                             3262     3262      18E      7E5       0
                text35                             4CB2     4CB2        2      7E5       0
                text34                             36A2     36A2      144      7E5       0
                text33                             33F0     33F0      166      7E5       0
                text32                             4CB0     4CB0        2      7E5       0
                text31                             3B66     3B66      11E      7E5       0
                text30                             3C84     3C84      110      7E5       0
                text29                             452C     452C       82      7E5       0
                text28                             461E     461E       66      7E5       0
                text27                             4684     4684       5C      7E5       0
                text26                             3918     3918      128      7E5       0
                text25                             37E6     37E6      132      7E5       0
                text24                             44A8     44A8       84      7E5       0
                text23                             45AE     45AE       70      7E5       0
                text22                             2994     2994      272      7E5       0
                text21                             4B40     4B40       1E      7E5       0
                text20                             4C32     4C32        E      7E5       0
                text19                             4C7A     4C7A        A      7E5       0
                text18                             18F6     18F6      45E      7E5       0
                text17                              FCA      FCA      92C      7E5       0
                text16                             4832     4832       38      7E5       0
                text15                             4C94     4C94        6      7E5       0
                text14                             4C22     4C22       10      7E5       0
                text13                             4BFE     4BFE       12      7E5       0
                text12                             4C4E     4C4E        C      7E5       0
                text11                             4CA0     4CA0        4      7E5       0
                text10                             4BEA     4BEA       14      7E5       0
                text9                              42D6     42D6       AC      7E5       0
                text8                              3A40     3A40      126      7E5       0
                text7                              4418     4418       90      7E5       0
                text6                              4C70     4C70        A      7E5       0
                text5                              4B22     4B22       1E      7E5       0
                text4                              49CC     49CC       2C      7E5       0
                text3                              4B04     4B04       1E      7E5       0
                text2                              4C66     4C66        A      7E5       0
                text1                              47FA     47FA       38      7E5       0
                text0                              1D54     1D54      358      7E5       0
                cstackCOMRAM                          1        1       38        1       1
                cstackBANK0                          60       60       4C       60       1
                cstackBANK1                         18D      18D       23      100       1
                bssBANK1                            100      100       8D      100       1
                dataBANK0                            F4       F4        6       60       1
                bssBANK0                             AC       AC       48       60       1
                bssCOMRAM                            39       39       13        1       1
                cinit                              46E0     46E0       52      7E5       0
                idataBANK0                         4C8E     4C8E        6      7E5       0

TOTAL           Name                               Link     Load   Length     Space
        CLASS   STACK          

        CLASS   CODE           
                intcode                               8        8       84         0
                init                                 8C       8C        4         0
                reset_vec                             0        0        4         0
                text82                             4A24     4A24       2C         0
                text81                             49F8     49F8       2C         0
                text80                             493C     493C       32         0
                text79                             490A     490A       32         0
                text78                             4382     4382       96         0
                text77                             4A76     4A76       26         0
                text75                             4C10     4C10       12         0
                text74                             4BD4     4BD4       16         0
                text73                             486A     486A       38         0
                text72                             4C5A     4C5A        C         0
                text71                             4AE4     4AE4       20         0
                text70                             3D94     3D94       FE         0
                text69                             4BBE     4BBE       16         0
                text68                             4BA8     4BA8       16         0
                text67                             4B92     4B92       16         0
                text66                             4B7C     4B7C       16         0
                text65                             4CAC     4CAC        4         0
                text64                             496E     496E       30         0
                text63                             4C40     4C40        E         0
                text62                             4CA8     4CA8        4         0
                text61                             48A2     48A2       36         0
                text60                             499E     499E       2E         0
                text59                             4B5E     4B5E       1E         0
                text58                             4CA4     4CA4        4         0
                text57                             4C84     4C84        A         0
                text56                             4228     4228       AE         0
                text55                             4AC0     4AC0       24         0
                text54                             2C06     2C06      268         0
                text53                             4732     4732       4C         0
                text52                             3556     3556      14C         0
                text51                             4160     4160       C8         0
                text50                             3E92     3E92       F4         0
                text49                             4A50     4A50       26         0
                text48                             4078     4078       E8         0
                text47                             4A9C     4A9C       24         0
                text46                             48D8     48D8       32         0
                text45                             3070     3070      1F2         0
                text44                             26DE     26DE      2B6         0
                text43                             47BC     47BC       3E         0
                text42                             477E     477E       3E         0
                text41                             20AC     20AC      344         0
                text40                             23F0     23F0      2EE         0
                text39                             2E6E     2E6E      202         0
                text38                             3F86     3F86       F2         0
                text37                             4C9A     4C9A        6         0
                text36                             3262     3262      18E         0
                text35                             4CB2     4CB2        2         0
                text34                             36A2     36A2      144         0
                text33                             33F0     33F0      166         0
                text32                             4CB0     4CB0        2         0
                text31                             3B66     3B66      11E         0
                text30                             3C84     3C84      110         0
                text29                             452C     452C       82         0
                text28                             461E     461E       66         0
                text27                             4684     4684       5C         0
                text26                             3918     3918      128         0
                text25                             37E6     37E6      132         0
                text24                             44A8     44A8       84         0
                text23                             45AE     45AE       70         0
                text22                             2994     2994      272         0
                text21                             4B40     4B40       1E         0
                text20                             4C32     4C32        E         0
                text19                             4C7A     4C7A        A         0
                text18                             18F6     18F6      45E         0
                text17                              FCA      FCA      92C         0
                text16                             4832     4832       38         0
                text15                             4C94     4C94        6         0
                text14                             4C22     4C22       10         0
                text13                             4BFE     4BFE       12         0
                text12                             4C4E     4C4E        C         0
                text11                             4CA0     4CA0        4         0
                text10                             4BEA     4BEA       14         0
                text9                              42D6     42D6       AC         0
                text8                              3A40     3A40      126         0
                text7                              4418     4418       90         0
                text6                              4C70     4C70        A         0
                text5                              4B22     4B22       1E         0
                text4                              49CC     49CC       2C         0
                text3                              4B04     4B04       1E         0
                text2                              4C66     4C66        A         0
                text1                              47FA     47FA       38         0
                text0                              1D54     1D54      358         0
                cinit                              46E0     46E0       52         0
                idataBANK0                         4C8E     4C8E        6         0

        CLASS   CONST          

        CLASS   SMALLCONST     
                smallconst                          F00      F00       CA         0

        CLASS   MEDIUMCONST    

        CLASS   COMRAM         
                temp                                 4C       4C        1         1
                cstackCOMRAM                          1        1       38         1
                bssCOMRAM                            39       39       13         1

        CLASS   ABS1           

        CLASS   BIGRAM         

        CLASS   RAM            

        CLASS   BANK0          
                cstackBANK0                          60       60       4C         1
                dataBANK0                            F4       F4        6         1
                bssBANK0                             AC       AC       48         1

        CLASS   BANK1          
                cstackBANK1                         18D      18D       23         1
                bssBANK1                            100      100       8D         1

        CLASS   BANK2          

        CLASS   BANK3          

        CLASS   BANK4          

        CLASS   BANK5          

        CLASS   BANK6          

        CLASS   BANK7          

        CLASS   BANK8          

        CLASS   BANK9          

        CLASS   BANK10         

        CLASS   BANK11         

        CLASS   BANK12         

        CLASS   BANK13         

        CLASS   BANK14         

        CLASS   SFR            

        CLASS   FARRAM         

        CLASS   CONFIG         
                config                           300000   300000        C         0

        CLASS   IDLOC          
                idloc                            200000   200000       10         0

        CLASS   EEDATA         



SEGMENTS        Name                           Load    Length   Top    Selector   Space  Class

                reset_vec                      000000  000004  000004         0       0  CODE    
                cstackCOMRAM                   000001  00004C  00004D         1       1  COMRAM  
                intcode                        000008  000088  000090         4       0  CODE    
                cstackBANK0                    000060  00009A  0000FA        60       1  BANK0   
                bssBANK1                       000100  0000B0  0001B0       100       1  BANK1   
                smallconst                     000F00  0000CA  000FCA       780       0  SMALLCON
                text17                         000FCA  003CEA  004CB4       7E5       0  CODE    
                idloc                          200000  000010  200010    200000       0  IDLOC   
                config                         300000  00000C  30000C    300000       0  CONFIG  


UNUSED ADDRESS RANGES

        Name                Unused          Largest block    Delta
        BANK0            0000FA-0000FF                6
        BANK1            0001B0-0001FF               50
        BANK10           000A00-000AFF              100
        BANK11           000B00-000BFF              100
        BANK12           000C00-000CFF              100
        BANK13           000D00-000DFF              100
        BANK14           000E00-000E7D               7E
        BANK2            000200-0002FF              100
        BANK3            000300-0003FF              100
        BANK4            000400-0004FF              100
        BANK5            000500-0005FF              100
        BANK6            000600-0006FF              100
        BANK7            000700-0007FF              100
        BANK8            000800-0008FF              100
        BANK9            000900-0009FF              100
        BIGRAM           00004D-00005F               13
                         0000FA-0000FF                6
                         0001B0-000E7D              CCE
        CODE             000004-000007                4
                         000090-000EFF              E70
                         004CB4-01FFFF            1B34C
        COMRAM           00004D-00005F               13
        CONST            000004-000007                4
                         000090-000EFF              E70
                         004CB4-01FFFF            1B34C
        EEDATA           310000-3103FF              400
        MEDIUMCONST      004CB4-00FFFF             B34C
                         010F00-01FFFF             F100
        RAM              0000FA-0000FF                6
                         0001B0-000E7D              100
        SFR              000E7E-000FFF               82
        SMALLCONST       004CB4-01FFFF              100
        STACK            0001B0-000E7D              CCE

                                  Symbol Table

?_TMR0_Read16bitTimer                     cstackCOMRAM 000013
?___awdiv                                 cstackCOMRAM 000019
?___awmod                                 cstackCOMRAM 000013
?___awtoft                                cstackCOMRAM 00001B
?___ftadd                                 cstackBANK0  000067
?___ftdiv                                 cstackBANK0  000073
?___ftmul                                 cstackCOMRAM 000027
?___ftneg                                 cstackCOMRAM 000036
?___ftpack                                cstackCOMRAM 000013
?___ftsub                                 cstackBANK0  000073
?___fttol                                 cstackBANK0  000073
?___lldiv                                 cstackCOMRAM 000013
?___llmod                                 cstackCOMRAM 000020
?___lltoft                                cstackCOMRAM 00001B
?___lwtoft                                cstackCOMRAM 00001B
?___wmul                                  cstackCOMRAM 000021
?__div_to_l_                              cstackCOMRAM 000013
?__tdiv_to_l_                             cstackCOMRAM 000013
?_atan                                    cstackBANK0  000082
?_atan2                                   cstackBANK0  000092
?_eval_poly                               cstackBANK0  000073
?_fabs                                    cstackBANK0  000060
?_fastatan2                               cstackBANK0  000082
?_fround                                  cstackCOMRAM 000036
?_maximum                                 cstackBANK0  00006C
?_minimum                                 cstackBANK0  00006C
?_printf                                  cstackBANK0  000082
?_scale                                   cstackCOMRAM 000036
EUSART1_Write@txData                      cstackCOMRAM 000013
I2C1_ISR@i2c_10bit_address_restart        bssCOMRAM    000046
I2C1_ISR@i2c_address                      bssCOMRAM    00004A
I2C1_ISR@i2c_bytes_left                   bssCOMRAM    000047
I2C1_ISR@pi2c_buf_ptr                     bssCOMRAM    00003E
I2C1_MasterRead@trBlock                   bssBANK1     000181
I2C1_MasterWrite@trBlock                  bssBANK1     000187
PIN_MANAGER_Initialize@state              cstackCOMRAM 000013
PWM1_LoadDutyValue@dutyValue              cstackCOMRAM 000001
PWM2_LoadDutyValue@dutyValue              cstackCOMRAM 000001
PWM3_LoadDutyValue@dutyValue              cstackCOMRAM 000001
PWM4_LoadDutyValue@dutyValue              cstackCOMRAM 000001
TMR0_Read16bitTimer@readVal               cstackCOMRAM 000017
TMR0_Read16bitTimer@readValHigh           cstackCOMRAM 00001A
TMR0_Read16bitTimer@readValLow            cstackCOMRAM 000019
TMR0_Write16bitTimer@timerVal             cstackCOMRAM 000013
TMR2_SetInterruptHandler@InterruptHandler cstackCOMRAM 000013
_ANSELA                                   (abs)        000F11
_ANSELB                                   (abs)        000F19
_ANSELC                                   (abs)        000F21
_ANSELD                                   (abs)        000F26
_ANSELE                                   (abs)        000F2E
_BAUD1CON                                 (abs)        000F9F
_CCP1CON                                  (abs)        000FAC
_CCP1CONbits                              (abs)        000FAC
_CCP2CON                                  (abs)        000FA8
_CCP2CONbits                              (abs)        000FA8
_CCPR1H                                   (abs)        000FAB
_CCPR1L                                   (abs)        000FAA
_CCPR2H                                   (abs)        000FA7
_CCPR2L                                   (abs)        000FA6
_CCPTMRSbits                              (abs)        000FAE
_EUSART1_Initialize                       text74       004BD4
_EUSART1_Read                             text75       004C10
_EUSART1_Write                            text20       004C32
_GIE                                      (abs)        007F97
_I2C1_Initialize                          text73       00486A
_INTCONbits                               (abs)        000FF2
_INTERRUPT_Initialize                     text72       004C5A
_INTERRUPT_InterruptManagerHigh           intcode      000008
_IPR3bits                                 (abs)        000EBD
_IPR4bits                                 (abs)        000EBE
_LATA                                     (abs)        000F83
_LATB                                     (abs)        000F84
_LATC                                     (abs)        000F85
_LATCbits                                 (abs)        000F85
_LATD                                     (abs)        000F86
_LATE                                     (abs)        000F87
_ODCONA                                   (abs)        000F0F
_ODCONB                                   (abs)        000F17
_ODCONC                                   (abs)        000F1F
_ODCOND                                   (abs)        000F24
_ODCONE                                   (abs)        000F2C
_OSCCON1                                  (abs)        000ED8
_OSCCON3                                  (abs)        000EDA
_OSCEN                                    (abs)        000EDC
_OSCFRQ                                   (abs)        000EDE
_OSCILLATOR_Initialize                    text71       004AE4
_OSCTUNE                                  (abs)        000EDD
_PIE4bits                                 (abs)        000EC6
_PIN_MANAGER_Initialize                   text70       003D94
_PIR0bits                                 (abs)        000ECA
_PIR3bits                                 (abs)        000ECD
_PIR4bits                                 (abs)        000ECE
_PPSLOCK                                  (abs)        000EA0
_PPSLOCKbits                              (abs)        000EA0
_PR2                                      (abs)        000FBC
_PWM1_Initialize                          text69       004BBE
_PWM1_LoadDutyValue                       text82       004A24
_PWM2_Initialize                          text68       004BA8
_PWM2_LoadDutyValue                       text81       0049F8
_PWM3CON                                  (abs)        000FA5
_PWM3DCH                                  (abs)        000FA4
_PWM3DCL                                  (abs)        000FA3
_PWM3_Initialize                          text67       004B92
_PWM3_LoadDutyValue                       text80       00493C
_PWM4CON                                  (abs)        000FA2
_PWM4DCH                                  (abs)        000FA1
_PWM4DCL                                  (abs)        000FA0
_PWM4_Initialize                          text66       004B7C
_PWM4_LoadDutyValue                       text79       00490A
_RA4PPS                                   (abs)        000EEB
_RA5PPS                                   (abs)        000EEC
_RB1PPS                                   (abs)        000EF0
_RB2PPS                                   (abs)        000EF1
_RC1REG                                   (abs)        000F99
_RC1STA                                   (abs)        000F9D
_RC1STAbits                               (abs)        000F9D
_RC3PPS                                   (abs)        000EFA
_RC4PPS                                   (abs)        000EFB
_RC7PPS                                   (abs)        000EFE
_RX1PPSbits                               (abs)        000EB5
_SP1BRGH                                  (abs)        000F9C
_SP1BRGL                                  (abs)        000F9B
_SSP1ADD                                  (abs)        000F93
_SSP1BUF                                  (abs)        000F92
_SSP1CLKPPSbits                           (abs)        000EB7
_SSP1CON1                                 (abs)        000F96
_SSP1CON1bits                             (abs)        000F96
_SSP1CON2                                 (abs)        000F97
_SSP1CON2bits                             (abs)        000F97
_SSP1CON3                                 (abs)        000F98
_SSP1DATPPSbits                           (abs)        000EB8
_SSP1STAT                                 (abs)        000F95
_SSP1STATbits                             (abs)        000F95
_SYSTEM_Initialize                        text60       00499E
_T0CON0                                   (abs)        000FD5
_T0CON0bits                               (abs)        000FD5
_T0CON1                                   (abs)        000FD6
_T2CLKCON                                 (abs)        000FBF
_T2CON                                    (abs)        000FBD
_T2CONbits                                (abs)        000FBD
_T2HLT                                    (abs)        000FBE
_T2HLTbits                                (abs)        000FBE
_T2PR                                     (abs)        000FBC
_T2RST                                    (abs)        000FC0
_T2RSTbits                                (abs)        000FC0
_T2TMR                                    (abs)        000FBB
_TMR0H                                    (abs)        000FD4
_TMR0L                                    (abs)        000FD3
_TMR0_Initialize                          text64       00496E
_TMR0_Read16bitTimer                      text59       004B5E
_TMR0_StartTimer                          text65       004CAC
_TMR0_StopTimer                           text58       004CA4
_TMR0_Write16bitTimer                     text57       004C84
_TMR2                                     (abs)        000FBB
_TMR2_DefaultInterruptHandler             text78       004382
_TMR2_ISR                                 text77       004A76
_TMR2_Initialize                          text61       0048A2
_TMR2_InterruptHandler                    bssCOMRAM    000039
_TMR2_SetInterruptHandler                 text63       004C40
_TMR2_Start                               text62       004CA8
_TRISA                                    (abs)        000F88
_TRISB                                    (abs)        000F89
_TRISC                                    (abs)        000F8A
_TRISCbits                                (abs)        000F8A
_TRISD                                    (abs)        000F8B
_TRISE                                    (abs)        000F8C
_TX1REG                                   (abs)        000F9A
_TX1STA                                   (abs)        000F9E
_WPUA                                     (abs)        000F10
_WPUB                                     (abs)        000F18
_WPUC                                     (abs)        000F20
_WPUD                                     (abs)        000F25
_WPUE                                     (abs)        000F2D
__CFG_BOREN$SBORDIS                       (abs)        000000
__CFG_BORV$VBOR_2P45                      (abs)        000000
__CFG_CLKOUTEN$OFF                        (abs)        000000
__CFG_CP$OFF                              (abs)        000000
__CFG_CPD$OFF                             (abs)        000000
__CFG_CSWEN$ON                            (abs)        000000
__CFG_DEBUG$OFF                           (abs)        000000
__CFG_EBTR0$OFF                           (abs)        000000
__CFG_EBTR1$OFF                           (abs)        000000
__CFG_EBTR2$OFF                           (abs)        000000
__CFG_EBTR3$OFF                           (abs)        000000
__CFG_EBTR4$OFF                           (abs)        000000
__CFG_EBTR5$OFF                           (abs)        000000
__CFG_EBTR6$OFF                           (abs)        000000
__CFG_EBTR7$OFF                           (abs)        000000
__CFG_EBTRB$OFF                           (abs)        000000
__CFG_FCMEN$ON                            (abs)        000000
__CFG_FEXTOSC$OFF                         (abs)        000000
__CFG_LPBOREN$OFF                         (abs)        000000
__CFG_LVP$ON                              (abs)        000000
__CFG_MCLRE$EXTMCLR                       (abs)        000000
__CFG_PPS1WAY$ON                          (abs)        000000
__CFG_PWRTE$OFF                           (abs)        000000
__CFG_RSTOSC$HFINTOSC_64MHZ               (abs)        000000
__CFG_SCANE$ON                            (abs)        000000
__CFG_STVREN$ON                           (abs)        000000
__CFG_WDTCCS$SC                           (abs)        000000
__CFG_WDTCPS$WDTCPS_31                    (abs)        000000
__CFG_WDTCWS$WDTCWS_7                     (abs)        000000
__CFG_WDTE$OFF                            (abs)        000000
__CFG_WRT0$OFF                            (abs)        000000
__CFG_WRT1$OFF                            (abs)        000000
__CFG_WRT2$OFF                            (abs)        000000
__CFG_WRT3$OFF                            (abs)        000000
__CFG_WRT4$OFF                            (abs)        000000
__CFG_WRT5$OFF                            (abs)        000000
__CFG_WRT6$OFF                            (abs)        000000
__CFG_WRT7$OFF                            (abs)        000000
__CFG_WRTB$OFF                            (abs)        000000
__CFG_WRTC$OFF                            (abs)        000000
__CFG_WRTD$OFF                            (abs)        000000
__CFG_XINST$OFF                           (abs)        000000
__CFG_ZCD$OFF                             (abs)        000000
__HRAM                                    (abs)        000000
__Habs1                                   abs1         000000
__Hbank0                                  bank0        000000
__Hbank1                                  bank1        000000
__Hbank10                                 bank10       000000
__Hbank11                                 bank11       000000
__Hbank12                                 bank12       000000
__Hbank13                                 bank13       000000
__Hbank14                                 bank14       000000
__Hbank2                                  bank2        000000
__Hbank3                                  bank3        000000
__Hbank4                                  bank4        000000
__Hbank5                                  bank5        000000
__Hbank6                                  bank6        000000
__Hbank7                                  bank7        000000
__Hbank8                                  bank8        000000
__Hbank9                                  bank9        000000
__Hbigbss                                 bigbss       000000
__Hbigdata                                bigdata      000000
__Hbigram                                 bigram       000000
__Hbss                                    bss          000000
__HbssBANK0                               bssBANK0     000000
__HbssBANK1                               bssBANK1     000000
__HbssCOMRAM                              bssCOMRAM    000000
__Hcinit                                  cinit        000000
__Hclrtext                                clrtext      000000
__Hcomram                                 comram       000000
__Hconfig                                 config       30000C
__Hconst                                  const        000000
__HcstackBANK0                            cstackBANK0  000000
__HcstackBANK1                            cstackBANK1  000000
__HcstackCOMRAM                           cstackCOMRAM 000000
__Hdata                                   data         000000
__HdataBANK0                              dataBANK0    000000
__Heeprom_data                            eeprom_data  000000
__Hfarbss                                 farbss       000000
__Hfardata                                fardata      000000
__Hibigdata                               ibigdata     000000
__Hidata                                  idata        000000
__HidataBANK0                             idataBANK0   000000
__Hidloc                                  idloc        200010
__Hifardata                               ifardata     000000
__Hinit                                   init         000090
__Hintcode                                intcode      00008C
__Hintcode_body                           intcode_body 000000
__Hintcodelo                              intcodelo    00008C
__Hintentry                               intentry     000000
__Hintret                                 intret       000000
__Hintsave_regs                           intsave_regs 000000
__Hirdata                                 irdata       000000
__Hmediumconst                            mediumconst  000000
__HnvFARRAM                               nvFARRAM     000000
__Hnvbit                                  nvbit        000000
__Hnvrram                                 nvrram       000000
__Hparam                                  rparam       000000
__Hpowerup                                powerup      00008C
__Hram                                    ram          000000
__Hramtop                                 ramtop       000F00
__Hrbit                                   rbit         000000
__Hrbss                                   rbss         000000
__Hrdata                                  rdata        000000
__Hreset_vec                              reset_vec    000004
__Hrparam                                 rparam       000000
__Hsfr                                    sfr          000000
__Hsmallconst                             smallconst   000FCA
__Hspace_0                                (abs)        30000C
__Hspace_1                                (abs)        0001B0
__Hspace_2                                (abs)        000000
__Hstack                                  stack        000000
__Hstruct                                 struct       000000
__Htemp                                   temp         00004D
__Htext                                   text         000000
__Htext0                                  text0        000000
__Htext1                                  text1        000000
__Htext10                                 text10       000000
__Htext11                                 text11       000000
__Htext12                                 text12       000000
__Htext13                                 text13       000000
__Htext14                                 text14       000000
__Htext15                                 text15       000000
__Htext16                                 text16       000000
__Htext17                                 text17       000000
__Htext18                                 text18       000000
__Htext19                                 text19       000000
__Htext2                                  text2        000000
__Htext20                                 text20       000000
__Htext21                                 text21       000000
__Htext22                                 text22       000000
__Htext23                                 text23       000000
__Htext24                                 text24       000000
__Htext25                                 text25       000000
__Htext26                                 text26       000000
__Htext27                                 text27       000000
__Htext28                                 text28       000000
__Htext29                                 text29       000000
__Htext3                                  text3        000000
__Htext30                                 text30       000000
__Htext31                                 text31       000000
__Htext32                                 text32       000000
__Htext33                                 text33       000000
__Htext34                                 text34       000000
__Htext35                                 text35       000000
__Htext36                                 text36       000000
__Htext37                                 text37       000000
__Htext38                                 text38       000000
__Htext39                                 text39       000000
__Htext4                                  text4        000000
__Htext40                                 text40       000000
__Htext41                                 text41       000000
__Htext42                                 text42       000000
__Htext43                                 text43       000000
__Htext44                                 text44       000000
__Htext45                                 text45       000000
__Htext46                                 text46       000000
__Htext47                                 text47       000000
__Htext48                                 text48       000000
__Htext49                                 text49       000000
__Htext5                                  text5        000000
__Htext50                                 text50       000000
__Htext51                                 text51       000000
__Htext52                                 text52       000000
__Htext53                                 text53       000000
__Htext54                                 text54       000000
__Htext55                                 text55       000000
__Htext56                                 text56       000000
__Htext57                                 text57       000000
__Htext58                                 text58       000000
__Htext59                                 text59       000000
__Htext6                                  text6        000000
__Htext60                                 text60       000000
__Htext61                                 text61       000000
__Htext62                                 text62       000000
__Htext63                                 text63       000000
__Htext64                                 text64       000000
__Htext65                                 text65       000000
__Htext66                                 text66       000000
__Htext67                                 text67       000000
__Htext68                                 text68       000000
__Htext69                                 text69       000000
__Htext7                                  text7        000000
__Htext70                                 text70       000000
__Htext71                                 text71       000000
__Htext72                                 text72       000000
__Htext73                                 text73       000000
__Htext74                                 text74       000000
__Htext75                                 text75       000000
__Htext77                                 text77       000000
__Htext78                                 text78       000000
__Htext79                                 text79       000000
__Htext8                                  text8        000000
__Htext80                                 text80       000000
__Htext81                                 text81       000000
__Htext82                                 text82       000000
__Htext83                                 text83       000000
__Htext9                                  text9        000000
__LRAM                                    (abs)        000001
__Labs1                                   abs1         000000
__Lbank0                                  bank0        000000
__Lbank1                                  bank1        000000
__Lbank10                                 bank10       000000
__Lbank11                                 bank11       000000
__Lbank12                                 bank12       000000
__Lbank13                                 bank13       000000
__Lbank14                                 bank14       000000
__Lbank2                                  bank2        000000
__Lbank3                                  bank3        000000
__Lbank4                                  bank4        000000
__Lbank5                                  bank5        000000
__Lbank6                                  bank6        000000
__Lbank7                                  bank7        000000
__Lbank8                                  bank8        000000
__Lbank9                                  bank9        000000
__Lbigbss                                 bigbss       000000
__Lbigdata                                bigdata      000000
__Lbigram                                 bigram       000000
__Lbss                                    bss          000000
__LbssBANK0                               bssBANK0     000000
__LbssBANK1                               bssBANK1     000000
__LbssCOMRAM                              bssCOMRAM    000000
__Lcinit                                  cinit        000000
__Lclrtext                                clrtext      000000
__Lcomram                                 comram       000000
__Lconfig                                 config       300000
__Lconst                                  const        000000
__LcstackBANK0                            cstackBANK0  000000
__LcstackBANK1                            cstackBANK1  000000
__LcstackCOMRAM                           cstackCOMRAM 000000
__Ldata                                   data         000000
__LdataBANK0                              dataBANK0    000000
__Leeprom_data                            eeprom_data  000000
__Lfarbss                                 farbss       000000
__Lfardata                                fardata      000000
__Libigdata                               ibigdata     000000
__Lidata                                  idata        000000
__LidataBANK0                             idataBANK0   000000
__Lidloc                                  idloc        200000
__Lifardata                               ifardata     000000
__Linit                                   init         00008C
__Lintcode                                intcode      000008
__Lintcode_body                           intcode_body 000000
__Lintcodelo                              intcodelo    00008C
__Lintentry                               intentry     000000
__Lintret                                 intret       000000
__Lintsave_regs                           intsave_regs 000000
__Lirdata                                 irdata       000000
__Lmediumconst                            mediumconst  000000
__LnvFARRAM                               nvFARRAM     000000
__Lnvbit                                  nvbit        000000
__Lnvrram                                 nvrram       000000
__Lparam                                  rparam       000000
__Lpowerup                                powerup      00008C
__Lram                                    ram          000000
__Lramtop                                 ramtop       000F00
__Lrbit                                   rbit         000000
__Lrbss                                   rbss         000000
__Lrdata                                  rdata        000000
__Lreset_vec                              reset_vec    000000
__Lrparam                                 rparam       000000
__Lsfr                                    sfr          000000
__Lsmallconst                             smallconst   000F00
__Lspace_0                                (abs)        000000
__Lspace_1                                (abs)        000000
__Lspace_2                                (abs)        000000
__Lstack                                  stack        000000
__Lstruct                                 struct       000000
__Ltemp                                   temp         00004C
__Ltext                                   text         000000
__Ltext0                                  text0        000000
__Ltext1                                  text1        000000
__Ltext10                                 text10       000000
__Ltext11                                 text11       000000
__Ltext12                                 text12       000000
__Ltext13                                 text13       000000
__Ltext14                                 text14       000000
__Ltext15                                 text15       000000
__Ltext16                                 text16       000000
__Ltext17                                 text17       000000
__Ltext18                                 text18       000000
__Ltext19                                 text19       000000
__Ltext2                                  text2        000000
__Ltext20                                 text20       000000
__Ltext21                                 text21       000000
__Ltext22                                 text22       000000
__Ltext23                                 text23       000000
__Ltext24                                 text24       000000
__Ltext25                                 text25       000000
__Ltext26                                 text26       000000
__Ltext27                                 text27       000000
__Ltext28                                 text28       000000
__Ltext29                                 text29       000000
__Ltext3                                  text3        000000
__Ltext30                                 text30       000000
__Ltext31                                 text31       000000
__Ltext32                                 text32       000000
__Ltext33                                 text33       000000
__Ltext34                                 text34       000000
__Ltext35                                 text35       000000
__Ltext36                                 text36       000000
__Ltext37                                 text37       000000
__Ltext38                                 text38       000000
__Ltext39                                 text39       000000
__Ltext4                                  text4        000000
__Ltext40                                 text40       000000
__Ltext41                                 text41       000000
__Ltext42                                 text42       000000
__Ltext43                                 text43       000000
__Ltext44                                 text44       000000
__Ltext45                                 text45       000000
__Ltext46                                 text46       000000
__Ltext47                                 text47       000000
__Ltext48                                 text48       000000
__Ltext49                                 text49       000000
__Ltext5                                  text5        000000
__Ltext50                                 text50       000000
__Ltext51                                 text51       000000
__Ltext52                                 text52       000000
__Ltext53                                 text53       000000
__Ltext54                                 text54       000000
__Ltext55                                 text55       000000
__Ltext56                                 text56       000000
__Ltext57                                 text57       000000
__Ltext58                                 text58       000000
__Ltext59                                 text59       000000
__Ltext6                                  text6        000000
__Ltext60                                 text60       000000
__Ltext61                                 text61       000000
__Ltext62                                 text62       000000
__Ltext63                                 text63       000000
__Ltext64                                 text64       000000
__Ltext65                                 text65       000000
__Ltext66                                 text66       000000
__Ltext67                                 text67       000000
__Ltext68                                 text68       000000
__Ltext69                                 text69       000000
__Ltext7                                  text7        000000
__Ltext70                                 text70       000000
__Ltext71                                 text71       000000
__Ltext72                                 text72       000000
__Ltext73                                 text73       000000
__Ltext74                                 text74       000000
__Ltext75                                 text75       000000
__Ltext77                                 text77       000000
__Ltext78                                 text78       000000
__Ltext79                                 text79       000000
__Ltext8                                  text8        000000
__Ltext80                                 text80       000000
__Ltext81                                 text81       000000
__Ltext82                                 text82       000000
__Ltext83                                 text83       000000
__Ltext9                                  text9        000000
__S0                                      (abs)        30000C
__S1                                      (abs)        0001B0
__S2                                      (abs)        000000
___awdiv                                  text24       0044A8
___awdiv@counter                          cstackCOMRAM 00001D
___awdiv@dividend                         cstackCOMRAM 000019
___awdiv@divisor                          cstackCOMRAM 00001B
___awdiv@quotient                         cstackCOMRAM 00001F
___awdiv@sign                             cstackCOMRAM 00001E
___awmod                                  text23       0045AE
___awmod@counter                          cstackCOMRAM 000017
___awmod@dividend                         cstackCOMRAM 000013
___awmod@divisor                          cstackCOMRAM 000015
___awmod@sign                             cstackCOMRAM 000018
___awtoft                                 text16       004832
___awtoft@c                               cstackCOMRAM 00001B
___awtoft@sign                            cstackCOMRAM 00001E
___ftadd                                  text54       002C06
___ftadd@exp1                             cstackBANK0  000072
___ftadd@exp2                             cstackBANK0  000071
___ftadd@f1                               cstackBANK0  000067
___ftadd@f2                               cstackBANK0  00006A
___ftadd@sign                             cstackBANK0  000070
___ftdiv                                  text52       003556
___ftdiv@cntr                             cstackBANK0  00007C
___ftdiv@exp                              cstackBANK0  000080
___ftdiv@f1                               cstackBANK0  000073
___ftdiv@f2                               cstackBANK0  000076
___ftdiv@f3                               cstackBANK0  00007D
___ftdiv@sign                             cstackBANK0  000081
___ftge                                   text51       004160
___ftge@ff1                               cstackBANK0  000063
___ftge@ff2                               cstackBANK0  000066
___ftmul                                  text50       003E92
___ftmul@cntr                             cstackCOMRAM 000034
___ftmul@exp                              cstackCOMRAM 000030
___ftmul@f1                               cstackCOMRAM 000027
___ftmul@f2                               cstackCOMRAM 00002A
___ftmul@f3_as_product                    cstackCOMRAM 000031
___ftmul@sign                             cstackCOMRAM 000035
___ftneg                                  text47       004A9C
___ftneg@f1                               cstackCOMRAM 000036
___ftpack                                 text56       004228
___ftpack@arg                             cstackCOMRAM 000013
___ftpack@exp                             cstackCOMRAM 000016
___ftpack@sign                            cstackCOMRAM 000017
___ftsub                                  text53       004732
___ftsub@f1                               cstackBANK0  000073
___ftsub@f2                               cstackBANK0  000076
___fttol                                  text34       0036A2
___fttol@exp1                             cstackBANK0  000081
___fttol@f1                               cstackBANK0  000073
___fttol@lval                             cstackBANK0  00007D
___fttol@sign1                            cstackBANK0  00007C
___inthi_sp                               stack        000000
___intlo_sp                               stack        000000
___lldiv                                  text29       00452C
___lldiv@counter                          cstackCOMRAM 00001F
___lldiv@dividend                         cstackCOMRAM 000013
___lldiv@divisor                          cstackCOMRAM 000017
___lldiv@quotient                         cstackCOMRAM 00001B
___llmod                                  text28       00461E
___llmod@counter                          cstackCOMRAM 000028
___llmod@dividend                         cstackCOMRAM 000020
___llmod@divisor                          cstackCOMRAM 000024
___lltoft                                 text27       004684
___lltoft@c                               cstackCOMRAM 00001B
___lltoft@exp                             cstackCOMRAM 000023
___lwtoft                                 text55       004AC0
___lwtoft@c                               cstackCOMRAM 00001B
___param_bank                             (abs)        000000
___rparam_used                            (abs)        000001
___sp                                     stack        000000
___wmul                                   text49       004A50
___wmul@multiplicand                      cstackCOMRAM 000023
___wmul@multiplier                        cstackCOMRAM 000021
___wmul@product                           cstackCOMRAM 000025
__accesstop                               (abs)        000060
__activetblptr                            (abs)        000003
__div_to_l_                               text26       003918
__div_to_l_@cntr                          cstackCOMRAM 00001D
__div_to_l_@exp1                          cstackCOMRAM 00001E
__div_to_l_@f1                            cstackCOMRAM 000013
__div_to_l_@f2                            cstackCOMRAM 000016
__div_to_l_@quot                          cstackCOMRAM 000019
__end_of_EUSART1_Initialize               text74       004BEA
__end_of_EUSART1_Read                     text75       004C22
__end_of_EUSART1_Write                    text20       004C40
__end_of_I2C1_Initialize                  text73       0048A2
__end_of_INTERRUPT_Initialize             text72       004C66
__end_of_INTERRUPT_InterruptManagerHigh   intcode      00008C
__end_of_OSCILLATOR_Initialize            text71       004B04
__end_of_PIN_MANAGER_Initialize           text70       003E92
__end_of_PWM1_Initialize                  text69       004BD4
__end_of_PWM1_LoadDutyValue               text82       004A50
__end_of_PWM2_Initialize                  text68       004BBE
__end_of_PWM2_LoadDutyValue               text81       004A24
__end_of_PWM3_Initialize                  text67       004BA8
__end_of_PWM3_LoadDutyValue               text80       00496E
__end_of_PWM4_Initialize                  text66       004B92
__end_of_PWM4_LoadDutyValue               text79       00493C
__end_of_SYSTEM_Initialize                text60       0049CC
__end_of_TMR0_Initialize                  text64       00499E
__end_of_TMR0_Read16bitTimer              text59       004B7C
__end_of_TMR0_StartTimer                  text65       004CB0
__end_of_TMR0_StopTimer                   text58       004CA8
__end_of_TMR0_Write16bitTimer             text57       004C8E
__end_of_TMR2_DefaultInterruptHandler     text78       004418
__end_of_TMR2_ISR                         text77       004A9C
__end_of_TMR2_Initialize                  text61       0048D8
__end_of_TMR2_SetInterruptHandler         text63       004C4E
__end_of_TMR2_Start                       text62       004CAC
__end_of___awdiv                          text24       00452C
__end_of___awmod                          text23       00461E
__end_of___awtoft                         text16       00486A
__end_of___ftadd                          text54       002E6E
__end_of___ftdiv                          text52       0036A2
__end_of___ftge                           text51       004228
__end_of___ftmul                          text50       003F86
__end_of___ftneg                          text47       004AC0
__end_of___ftpack                         text56       0042D6
__end_of___ftsub                          text53       00477E
__end_of___fttol                          text34       0037E6
__end_of___lldiv                          text29       0045AE
__end_of___llmod                          text28       004684
__end_of___lltoft                         text27       0046E0
__end_of___lwtoft                         text55       004AE4
__end_of___wmul                           text49       004A76
__end_of__div_to_l_                       text26       003A40
__end_of__initialization                  cinit        004728
__end_of__npowers_                        smallconst   000F77
__end_of__powers_                         smallconst   000F50
__end_of__tdiv_to_l_                      text25       003918
__end_of_accel_Init                       text4        0049F8
__end_of_acki2c                           text15       004C9A
__end_of_atan                             text45       003262
__end_of_atan2                            text44       002994
__end_of_checkI2Cbusy                     text13       004C10
__end_of_computeRollPitch                 text40       0026DE
__end_of_dpowers                          smallconst   000F29
__end_of_eval_poly                        text48       004160
__end_of_fabs                             text46       00490A
__end_of_fastatan2                        text41       0023F0
__end_of_filterData                       text38       004078
__end_of_fround                           text22       002C06
__end_of_gyro_Init                        text3        004B22
__end_of_interrupt_Init                   text37       004CA0
__end_of_isdigit                          text21       004B5E
__end_of_kalmanUpdate                     text39       003070
__end_of_kalman_Init                      text36       0033F0
__end_of_main                             text0        0020AC
__end_of_maximum                          text43       0047FA
__end_of_minimum                          text42       0047BC
__end_of_pid                              text31       003C84
__end_of_pid_Init                         text30       003D94
__end_of_pitchPid                         text35       004CB4
__end_of_printf                           text17       0018F6
__end_of_putch                            text19       004C84
__end_of_readAccel                        text8        003B66
__end_of_readGyro                         text7        0044A8
__end_of_readSensors                      text6        004C7A
__end_of_readi2c                          text14       004C32
__end_of_readi2cData                      text9        004382
__end_of_rollPid                          text33       003556
__end_of_scale                            text18       001D54
__end_of_sensors_Init                     text2        004C70
__end_of_starti2c                         text12       004C5A
__end_of_stopi2c                          text11       004CA4
__end_of_unlockI2C                        text1        004832
__end_of_writei2c                         text10       004BFE
__end_of_writei2cData                     text5        004B40
__end_of_yawPid                           text32       004CB2
__end_ofatan@coeff_a                      smallconst   000F89
__end_ofatan@coeff_b                      smallconst   000F98
__initialization                          cinit        0046E0
__mediumconst                             mediumconst  000000
__npowers_                                smallconst   000F50
__pbssBANK0                               bssBANK0     0000AC
__pbssBANK1                               bssBANK1     000100
__pbssCOMRAM                              bssCOMRAM    000039
__pcinit                                  cinit        0046E0
__pcstackBANK0                            cstackBANK0  000060
__pcstackBANK1                            cstackBANK1  00018D
__pcstackCOMRAM                           cstackCOMRAM 000001
__pdataBANK0                              dataBANK0    0000F4
__pidataBANK0                             idataBANK0   004C8E
__pintcode                                intcode      000008
__powers_                                 smallconst   000F29
__psmallconst                             smallconst   000F00
__ptext0                                  text0        001D54
__ptext1                                  text1        0047FA
__ptext10                                 text10       004BEA
__ptext11                                 text11       004CA0
__ptext12                                 text12       004C4E
__ptext13                                 text13       004BFE
__ptext14                                 text14       004C22
__ptext15                                 text15       004C94
__ptext16                                 text16       004832
__ptext17                                 text17       000FCA
__ptext18                                 text18       0018F6
__ptext19                                 text19       004C7A
__ptext2                                  text2        004C66
__ptext20                                 text20       004C32
__ptext21                                 text21       004B40
__ptext22                                 text22       002994
__ptext23                                 text23       0045AE
__ptext24                                 text24       0044A8
__ptext25                                 text25       0037E6
__ptext26                                 text26       003918
__ptext27                                 text27       004684
__ptext28                                 text28       00461E
__ptext29                                 text29       00452C
__ptext3                                  text3        004B04
__ptext30                                 text30       003C84
__ptext31                                 text31       003B66
__ptext32                                 text32       004CB0
__ptext33                                 text33       0033F0
__ptext34                                 text34       0036A2
__ptext35                                 text35       004CB2
__ptext36                                 text36       003262
__ptext37                                 text37       004C9A
__ptext38                                 text38       003F86
__ptext39                                 text39       002E6E
__ptext4                                  text4        0049CC
__ptext40                                 text40       0023F0
__ptext41                                 text41       0020AC
__ptext42                                 text42       00477E
__ptext43                                 text43       0047BC
__ptext44                                 text44       0026DE
__ptext45                                 text45       003070
__ptext46                                 text46       0048D8
__ptext47                                 text47       004A9C
__ptext48                                 text48       004078
__ptext49                                 text49       004A50
__ptext5                                  text5        004B22
__ptext50                                 text50       003E92
__ptext51                                 text51       004160
__ptext52                                 text52       003556
__ptext53                                 text53       004732
__ptext54                                 text54       002C06
__ptext55                                 text55       004AC0
__ptext56                                 text56       004228
__ptext57                                 text57       004C84
__ptext58                                 text58       004CA4
__ptext59                                 text59       004B5E
__ptext6                                  text6        004C70
__ptext60                                 text60       00499E
__ptext61                                 text61       0048A2
__ptext62                                 text62       004CA8
__ptext63                                 text63       004C40
__ptext64                                 text64       00496E
__ptext65                                 text65       004CAC
__ptext66                                 text66       004B7C
__ptext67                                 text67       004B92
__ptext68                                 text68       004BA8
__ptext69                                 text69       004BBE
__ptext7                                  text7        004418
__ptext70                                 text70       003D94
__ptext71                                 text71       004AE4
__ptext72                                 text72       004C5A
__ptext73                                 text73       00486A
__ptext74                                 text74       004BD4
__ptext75                                 text75       004C10
__ptext77                                 text77       004A76
__ptext78                                 text78       004382
__ptext79                                 text79       00490A
__ptext8                                  text8        003A40
__ptext80                                 text80       00493C
__ptext81                                 text81       0049F8
__ptext82                                 text82       004A24
__ptext83                                 text83       000000
__ptext9                                  text9        0042D6
__ramtop                                  ramtop       000F00
__size_of_EUSART1_Initialize              (abs)        000000
__size_of_EUSART1_Read                    (abs)        000000
__size_of_EUSART1_Write                   (abs)        000000
__size_of_I2C1_Initialize                 (abs)        000000
__size_of_INTERRUPT_Initialize            (abs)        000000
__size_of_INTERRUPT_InterruptManagerHigh  (abs)        000000
__size_of_OSCILLATOR_Initialize           (abs)        000000
__size_of_PIN_MANAGER_Initialize          (abs)        000000
__size_of_PWM1_Initialize                 (abs)        000000
__size_of_PWM1_LoadDutyValue              (abs)        000000
__size_of_PWM2_Initialize                 (abs)        000000
__size_of_PWM2_LoadDutyValue              (abs)        000000
__size_of_PWM3_Initialize                 (abs)        000000
__size_of_PWM3_LoadDutyValue              (abs)        000000
__size_of_PWM4_Initialize                 (abs)        000000
__size_of_PWM4_LoadDutyValue              (abs)        000000
__size_of_SYSTEM_Initialize               (abs)        000000
__size_of_TMR0_Initialize                 (abs)        000000
__size_of_TMR0_Read16bitTimer             (abs)        000000
__size_of_TMR0_StartTimer                 (abs)        000000
__size_of_TMR0_StopTimer                  (abs)        000000
__size_of_TMR0_Write16bitTimer            (abs)        000000
__size_of_TMR2_DefaultInterruptHandler    (abs)        000000
__size_of_TMR2_ISR                        (abs)        000000
__size_of_TMR2_Initialize                 (abs)        000000
__size_of_TMR2_SetInterruptHandler        (abs)        000000
__size_of_TMR2_Start                      (abs)        000000
__size_of___awdiv                         (abs)        000000
__size_of___awmod                         (abs)        000000
__size_of___awtoft                        (abs)        000000
__size_of___ftadd                         (abs)        000000
__size_of___ftdiv                         (abs)        000000
__size_of___ftge                          (abs)        000000
__size_of___ftmul                         (abs)        000000
__size_of___ftneg                         (abs)        000000
__size_of___ftpack                        (abs)        000000
__size_of___ftsub                         (abs)        000000
__size_of___fttol                         (abs)        000000
__size_of___lldiv                         (abs)        000000
__size_of___llmod                         (abs)        000000
__size_of___lltoft                        (abs)        000000
__size_of___lwtoft                        (abs)        000000
__size_of___wmul                          (abs)        000000
__size_of__div_to_l_                      (abs)        000000
__size_of__tdiv_to_l_                     (abs)        000000
__size_of_accel_Init                      (abs)        000000
__size_of_acki2c                          (abs)        000000
__size_of_atan                            (abs)        000000
__size_of_atan2                           (abs)        000000
__size_of_checkI2Cbusy                    (abs)        000000
__size_of_computeRollPitch                (abs)        000000
__size_of_eval_poly                       (abs)        000000
__size_of_fabs                            (abs)        000000
__size_of_fastatan2                       (abs)        000000
__size_of_filterData                      (abs)        000000
__size_of_fround                          (abs)        000000
__size_of_gyro_Init                       (abs)        000000
__size_of_interrupt_Init                  (abs)        000000
__size_of_isdigit                         (abs)        000000
__size_of_kalmanUpdate                    (abs)        000000
__size_of_kalman_Init                     (abs)        000000
__size_of_main                            (abs)        000000
__size_of_maximum                         (abs)        000000
__size_of_minimum                         (abs)        000000
__size_of_pid                             (abs)        000000
__size_of_pid_Init                        (abs)        000000
__size_of_pitchPid                        (abs)        000000
__size_of_printf                          (abs)        000000
__size_of_putch                           (abs)        000000
__size_of_readAccel                       (abs)        000000
__size_of_readGyro                        (abs)        000000
__size_of_readSensors                     (abs)        000000
__size_of_readi2c                         (abs)        000000
__size_of_readi2cData                     (abs)        000000
__size_of_rollPid                         (abs)        000000
__size_of_scale                           (abs)        000000
__size_of_sensors_Init                    (abs)        000000
__size_of_starti2c                        (abs)        000000
__size_of_stopi2c                         (abs)        000000
__size_of_unlockI2C                       (abs)        000000
__size_of_writei2c                        (abs)        000000
__size_of_writei2cData                    (abs)        000000
__size_of_yawPid                          (abs)        000000
__smallconst                              smallconst   000F00
__tdiv_to_l_                              text25       0037E6
__tdiv_to_l_@cntr                         cstackCOMRAM 000020
__tdiv_to_l_@exp1                         cstackCOMRAM 000021
__tdiv_to_l_@f1                           cstackCOMRAM 000013
__tdiv_to_l_@f2                           cstackCOMRAM 000016
__tdiv_to_l_@quot                         cstackCOMRAM 00001C
_accCounter                               bssBANK0     0000EC
_accelAlpha                               dataBANK0    0000F7
_accel_Init                               text4        0049CC
_acki2c                                   text15       004C94
_atan                                     text45       003070
_atan2                                    text44       0026DE
_atan2$2943                               cstackBANK0  00009B
_atan2$2944                               cstackBANK0  000098
_ax                                       bssBANK0     0000C8
_axState                                  bssBANK1     000172
_ay                                       bssBANK0     0000C5
_ayState                                  bssBANK1     000163
_az                                       bssBANK0     0000C2
_azState                                  bssBANK1     000154
_begin                                    bssBANK0     0000ED
_beginCounter                             bssBANK0     0000EA
_checkI2Cbusy                             text13       004BFE
_computeRollPitch                         text40       0023F0
_computeRollPitch$2927                    cstackBANK1  000190
_computeRollPitch$2928                    cstackBANK1  000193
_computeRollPitch$2929                    cstackBANK1  000196
_computeRollPitch$2930                    cstackBANK1  000199
_computeRollPitch$2931                    cstackBANK1  00019C
_computeRollPitch$2932                    cstackBANK1  00019F
_computeRollPitch$2933                    cstackBANK1  0001A2
_dpowers                                  smallconst   000F01
_errno                                    bssBANK0     0000DA
_eval_poly                                text48       004078
[...]
      Params:         0       0       0       0       0       0       0       0       0       0       0       0       0       0       0       0
      Locals:         0       0       0       0       0       0       0       0       0       0       0       0       0       0       0       0
      Temps:          0       0       0       0       0       0       0       0       0       0       0       0       0       0       0       0
      Totals:         0       0       0       0       0       0       0       0       0       0       0       0       0       0       0       0
Total ram usage:        0 bytes
 Hardware stack levels used:    1
 Hardware stack levels required when called:    4
 This function calls:
		Nothing
 This function is called by:
		_main
		_getch
 This function uses a non-reentrant model


 *************** function _INTERRUPT_InterruptManagerHigh *****************
 Defined at:
		line 68 in file "mcc_generated_files/interrupt_manager.c"
 Parameters:    Size  Location     Type
		None
 Auto vars:     Size  Location     Type
		None
 Return value:  Size  Location     Type
                  1    wreg      void 
 Registers used:
		wreg, status,2, status,0, pclath, tosl, cstack
 Tracked objects:
		On entry : 
		On exit  : 
		Unchanged: 
 Data sizes:     COMRAM   BANK0   BANK1   BANK2   BANK3   BANK4   BANK5   BANK6   BANK7   BANK8   BANK9  BANK10  BANK11  BANK12  BANK13  BANK14
      Params:         0       0       0       0       0       0       0       0       0       0       0       0       0       0       0       0
      Locals:         0       0       0       0       0       0       0       0       0       0       0       0       0       0       0       0
      Temps:         14       0       0       0       0       0       0       0       0       0       0       0       0       0       0       0
      Totals:        14       0       0       0       0       0       0       0       0       0       0       0       0       0       0       0
Total ram usage:       14 bytes
 Hardware stack levels used:    1
 Hardware stack levels required when called:    3
 This function calls:
		_TMR2_ISR
 This function is called by:
		Interrupt level 2
 This function uses a non-reentrant model


 *************** function _TMR2_ISR *****************
 Defined at:
		line 173 in file "mcc_generated_files/tmr2.c"
 Parameters:    Size  Location     Type
		None
 Auto vars:     Size  Location     Type
		None
 Return value:  Size  Location     Type
                  1    wreg      void 
 Registers used:
		wreg, status,2, status,0, pclath, tosl, cstack
 Tracked objects:
		On entry : 
		On exit  : 
		Unchanged: 
 Data sizes:     COMRAM   BANK0   BANK1   BANK2   BANK3   BANK4   BANK5   BANK6   BANK7   BANK8   BANK9  BANK10  BANK11  BANK12  BANK13  BANK14
      Params:         0       0       0       0       0       0       0       0       0       0       0       0       0       0       0       0
      Locals:         0       0       0       0       0       0       0       0       0       0       0       0       0       0       0       0
      Temps:          0       0       0       0       0       0       0       0       0       0       0       0       0       0       0       0
      Totals:         0       0       0       0       0       0       0       0       0       0       0       0       0       0       0       0
Total ram usage:        0 bytes
 Hardware stack levels used:    1
 Hardware stack levels required when called:    2
 This function calls:
		Absolute function
		_TMR2_DefaultInterruptHandler
 This function is called by:
		_INTERRUPT_InterruptManagerHigh
 This function uses a non-reentrant model


 *************** function _TMR2_DefaultInterruptHandler *****************
 Defined at:
		line 190 in file "mcc_generated_files/tmr2.c"
 Parameters:    Size  Location     Type
		None
 Auto vars:     Size  Location     Type
		None
 Return value:  Size  Location     Type
                  1    wreg      void 
 Registers used:
		wreg, status,2, status,0, cstack
 Tracked objects:
		On entry : 
		On exit  : 
		Unchanged: 
 Data sizes:     COMRAM   BANK0   BANK1   BANK2   BANK3   BANK4   BANK5   BANK6   BANK7   BANK8   BANK9  BANK10  BANK11  BANK12  BANK13  BANK14
      Params:         0       0       0       0       0       0       0       0       0       0       0       0       0       0       0       0
      Locals:         0       0       0       0       0       0       0       0       0       0       0       0       0       0       0       0
      Temps:          0       0       0       0       0       0       0       0       0       0       0       0       0       0       0       0
      Totals:         0       0       0       0       0       0       0       0       0       0       0       0       0       0       0       0
Total ram usage:        0 bytes
 Hardware stack levels used:    1
 Hardware stack levels required when called:    1
 This function calls:
		_PWM1_LoadDutyValue
		_PWM2_LoadDutyValue
		_PWM3_LoadDutyValue
		_PWM4_LoadDutyValue
 This function is called by:
		_TMR2_Initialize
		_TMR2_ISR
 This function uses a non-reentrant model


 *************** function _PWM4_LoadDutyValue *****************
 Defined at:
		line 74 in file "mcc_generated_files/pwm4.c"
 Parameters:    Size  Location     Type
  dutyValue       2    0[COMRAM] unsigned int 
 Auto vars:     Size  Location     Type
		None
 Return value:  Size  Location     Type
                  1    wreg      void 
 Registers used:
		wreg, status,2, status,0
 Tracked objects:
		On entry : 
		On exit  : 
		Unchanged: 
 Data sizes:     COMRAM   BANK0   BANK1   BANK2   BANK3   BANK4   BANK5   BANK6   BANK7   BANK8   BANK9  BANK10  BANK11  BANK12  BANK13  BANK14
      Params:         2       0       0       0       0       0       0       0       0       0       0       0       0       0       0       0
      Locals:         0       0       0       0       0       0       0       0       0       0       0       0       0       0       0       0
      Temps:          2       0       0       0       0       0       0       0       0       0       0       0       0       0       0       0
      Totals:         4       0       0       0       0       0       0       0       0       0       0       0       0       0       0       0
Total ram usage:        4 bytes
 Hardware stack levels used:    1
 This function calls:
		Nothing
 This function is called by:
		_TMR2_DefaultInterruptHandler
 This function uses a non-reentrant model


 *************** function _PWM3_LoadDutyValue *****************
 Defined at:
		line 74 in file "mcc_generated_files/pwm3.c"
 Parameters:    Size  Location     Type
  dutyValue       2    0[COMRAM] unsigned int 
 Auto vars:     Size  Location     Type
		None
 Return value:  Size  Location     Type
                  1    wreg      void 
 Registers used:
		wreg, status,2, status,0
 Tracked objects:
		On entry : 
		On exit  : 
		Unchanged: 
 Data sizes:     COMRAM   BANK0   BANK1   BANK2   BANK3   BANK4   BANK5   BANK6   BANK7   BANK8   BANK9  BANK10  BANK11  BANK12  BANK13  BANK14
      Params:         2       0       0       0       0       0       0       0       0       0       0       0       0       0       0       0
      Locals:         0       0       0       0       0       0       0       0       0       0       0       0       0       0       0       0
      Temps:          2       0       0       0       0       0       0       0       0       0       0       0       0       0       0       0
      Totals:         4       0       0       0       0       0       0       0       0       0       0       0       0       0       0       0
Total ram usage:        4 bytes
 Hardware stack levels used:    1
 This function calls:
		Nothing
 This function is called by:
		_TMR2_DefaultInterruptHandler
 This function uses a non-reentrant model


 *************** function _PWM2_LoadDutyValue *****************
 Defined at:
		line 80 in file "mcc_generated_files/pwm2.c"
 Parameters:    Size  Location     Type
  dutyValue       2    0[COMRAM] unsigned int 
 Auto vars:     Size  Location     Type
		None
 Return value:  Size  Location     Type
                  1    wreg      void 
 Registers used:
		wreg, status,2, status,0
 Tracked objects:
		On entry : 
		On exit  : 
		Unchanged: 
 Data sizes:     COMRAM   BANK0   BANK1   BANK2   BANK3   BANK4   BANK5   BANK6   BANK7   BANK8   BANK9  BANK10  BANK11  BANK12  BANK13  BANK14
      Params:         2       0       0       0       0       0       0       0       0       0       0       0       0       0       0       0
      Locals:         0       0       0       0       0       0       0       0       0       0       0       0       0       0       0       0
      Temps:          0       0       0       0       0       0       0       0       0       0       0       0       0       0       0       0
      Totals:         2       0       0       0       0       0       0       0       0       0       0       0       0       0       0       0
Total ram usage:        2 bytes
 Hardware stack levels used:    1
 This function calls:
		Nothing
 This function is called by:
		_TMR2_DefaultInterruptHandler
 This function uses a non-reentrant model


 *************** function _PWM1_LoadDutyValue *****************
 Defined at:
		line 80 in file "mcc_generated_files/pwm1.c"
 Parameters:    Size  Location     Type
  dutyValue       2    0[COMRAM] unsigned int 
 Auto vars:     Size  Location     Type
		None
 Return value:  Size  Location     Type
                  1    wreg      void 
 Registers used:
		wreg, status,2, status,0
 Tracked objects:
		On entry : 
		On exit  : 
		Unchanged: 
 Data sizes:     COMRAM   BANK0   BANK1   BANK2   BANK3   BANK4   BANK5   BANK6   BANK7   BANK8   BANK9  BANK10  BANK11  BANK12  BANK13  BANK14
      Params:         2       0       0       0       0       0       0       0       0       0       0       0       0       0       0       0
      Locals:         0       0       0       0       0       0       0       0       0       0       0       0       0       0       0       0
      Temps:          0       0       0       0       0       0       0       0       0       0       0       0       0       0       0       0
      Totals:         2       0       0       0       0       0       0       0       0       0       0       0       0       0       0       0
Total ram usage:        2 bytes
 Hardware stack levels used:    1
 This function calls:
		Nothing
 This function is called by:
		_TMR2_DefaultInterruptHandler
 This function uses a non-reentrant model



MODULE INFORMATION

Module		Function		Class		Link	Load	Size
C:\Program Files (x86)\Microchip\xc8\v1.42\sources\common\ftmul.c
		___ftmul       		CODE           	3E92	0000	245

C:\Program Files (x86)\Microchip\xc8\v1.42\sources\common\ftmul.c estimated size: 245

C:\Program Files (x86)\Microchip\xc8\v1.42\sources\common\ftdivl.c
		__tdiv_to_l_   		CODE           	37E6	0000	307

C:\Program Files (x86)\Microchip\xc8\v1.42\sources\common\ftdivl.c estimated size: 307

C:\Program Files (x86)\Microchip\xc8\v1.42\sources\common\ftdiv.c
		___ftdiv       		CODE           	3556	0000	333

C:\Program Files (x86)\Microchip\xc8\v1.42\sources\common\ftdiv.c estimated size: 333

C:\Program Files (x86)\Microchip\xc8\v1.42\sources\common\awdiv.c
		___awdiv       		CODE           	44A8	0000	133

C:\Program Files (x86)\Microchip\xc8\v1.42\sources\common\awdiv.c estimated size: 133

mcc_generated_files/pwm4.c
		_PWM4_Initialize		CODE           	4B7C	0000	23
		_PWM4_LoadDutyValue		CODE           	490A	0000	51

mcc_generated_files/pwm4.c estimated size: 74

C:\Program Files (x86)\Microchip\xc8\v1.42\sources\common\lldiv.c
		___lldiv       		CODE           	452C	0000	131

C:\Program Files (x86)\Microchip\xc8\v1.42\sources\common\lldiv.c estimated size: 131

C:\Program Files (x86)\Microchip\xc8\v1.42\sources\common\fldivl.c
		__div_to_l_    		CODE           	3918	0000	297

C:\Program Files (x86)\Microchip\xc8\v1.42\sources\common\fldivl.c estimated size: 297

mcc_generated_files/tmr2.c
		_TMR2_ISR      		CODE           	4A76	0000	39
		_TMR2_Initialize		CODE           	48A2	0000	55
		_TMR2_Start    		CODE           	4CA8	0000	5
		_TMR2_SetInterruptHandler		CODE           	4C40	0000	15
		_TMR2_DefaultInterruptHandler		CODE           	4382	0000	151

mcc_generated_files/tmr2.c estimated size: 265

mcc_generated_files/interrupt_manager.c
		_INTERRUPT_Initialize		CODE           	4C5A	0000	13
		_INTERRUPT_InterruptManagerHigh		CODE           	0008	0000	133

mcc_generated_files/interrupt_manager.c estimated size: 146

mcc_generated_files/pwm2.c
		_PWM2_Initialize		CODE           	4BA8	0000	23
		_PWM2_LoadDutyValue		CODE           	49F8	0000	45

mcc_generated_files/pwm2.c estimated size: 68

C:\Program Files (x86)\Microchip\xc8\v1.42\sources\common\evalpoly.c
		_eval_poly     		CODE           	4078	0000	233

C:\Program Files (x86)\Microchip\xc8\v1.42\sources\common\evalpoly.c estimated size: 233

mcc_generated_files/tmr0.c
		_TMR0_StopTimer		CODE           	4CA4	0000	5
		_TMR0_StartTimer		CODE           	4CAC	0000	5
		_TMR0_Write16bitTimer		CODE           	4C84	0000	11
		_TMR0_Read16bitTimer		CODE           	4B5E	0000	31
		_TMR0_Initialize		CODE           	496E	0000	49

mcc_generated_files/tmr0.c estimated size: 101

mcc_generated_files/i2c1.c
		_I2C1_Initialize		CODE           	486A	0000	57

mcc_generated_files/i2c1.c estimated size: 57

kalman.c
		_kalman_Init   		CODE           	3262	0000	399
		_kalmanUpdate  		CODE           	2E6E	0000	515
		_filterData    		CODE           	3F86	0000	243

kalman.c estimated size: 1157

sensors.c
		_gyro_Init     		CODE           	4B04	0000	31
		_readGyro      		CODE           	4418	0000	145
		_readAccel     		CODE           	3A40	0000	295
		_sensors_Init  		CODE           	4C66	0000	11
		_accel_Init    		CODE           	49CC	0000	45
		_readSensors   		CODE           	4C70	0000	11

sensors.c estimated size: 538

i2c.c
		_writei2c      		CODE           	4BEA	0000	21
		_checkI2Cbusy  		CODE           	4BFE	0000	19
		_writei2cData  		CODE           	4B22	0000	31
		_starti2c      		CODE           	4C4E	0000	13
		_acki2c        		CODE           	4C94	0000	7
		_stopi2c       		CODE           	4CA0	0000	5
		_readi2c       		CODE           	4C22	0000	17
		_readi2cData   		CODE           	42D6	0000	173

i2c.c estimated size: 286

C:\Program Files (x86)\Microchip\xc8\v1.42\sources\common\fttol.c
		___fttol       		CODE           	36A2	0000	325

C:\Program Files (x86)\Microchip\xc8\v1.42\sources\common\fttol.c estimated size: 325

C:\Program Files (x86)\Microchip\xc8\v1.42\sources\common\ftge.c
		___ftge        		CODE           	4160	0000	201

C:\Program Files (x86)\Microchip\xc8\v1.42\sources\common\ftge.c estimated size: 201

mcc_generated_files/pin_manager.c
		_PIN_MANAGER_Initialize		CODE           	3D94	0000	255

mcc_generated_files/pin_manager.c estimated size: 255

C:\Program Files (x86)\Microchip\xc8\v1.42\sources\common\fabs.c
		_fabs          		CODE           	48D8	0000	51

C:\Program Files (x86)\Microchip\xc8\v1.42\sources\common\fabs.c estimated size: 51

C:\Program Files (x86)\Microchip\xc8\v1.42\sources\common\awtoft.c
		___awtoft      		CODE           	4832	0000	57

C:\Program Files (x86)\Microchip\xc8\v1.42\sources\common\awtoft.c estimated size: 57

C:\Program Files (x86)\Microchip\xc8\v1.42\sources\common\ftadd.c
		___ftadd       		CODE           	2C06	0000	617

C:\Program Files (x86)\Microchip\xc8\v1.42\sources\common\ftadd.c estimated size: 617

C:\Program Files (x86)\Microchip\xc8\v1.42\sources\common\isdigit.c
		_isdigit       		CODE           	4B40	0000	31

C:\Program Files (x86)\Microchip\xc8\v1.42\sources\common\isdigit.c estimated size: 31

C:\Program Files (x86)\Microchip\xc8\v1.42\sources\common\lwtoft.c
		___lwtoft      		CODE           	4AC0	0000	37

C:\Program Files (x86)\Microchip\xc8\v1.42\sources\common\lwtoft.c estimated size: 37

shared
		__powers_      		SMALLCONST     	0F29	0000	40
		_dpowers       		SMALLCONST     	0F01	0000	41
		atan@coeff_a   		SMALLCONST     	0F77	0000	19
		atan@coeff_b   		SMALLCONST     	0F89	0000	16
		__npowers_     		SMALLCONST     	0F50	0000	40
		__initialization		CODE           	46E0	0000	73

shared estimated size: 229

mcc_generated_files/eusart1.c
		_EUSART1_Initialize		CODE           	4BD4	0000	23
		_putch         		CODE           	4C7A	0000	11
		_EUSART1_Read  		CODE           	4C10	0000	19
		_EUSART1_Write 		CODE           	4C32	0000	15

mcc_generated_files/eusart1.c estimated size: 68

C:\Program Files (x86)\Microchip\xc8\v1.42\sources\common\ftneg.c
		___ftneg       		CODE           	4A9C	0000	37

C:\Program Files (x86)\Microchip\xc8\v1.42\sources\common\ftneg.c estimated size: 37

mcc_generated_files/mcc.c
		_OSCILLATOR_Initialize		CODE           	4AE4	0000	33
		_SYSTEM_Initialize		CODE           	499E	0000	47

mcc_generated_files/mcc.c estimated size: 80

C:\Program Files (x86)\Microchip\xc8\v1.42\sources\common\atan.c
		_atan          		CODE           	3070	0000	499

C:\Program Files (x86)\Microchip\xc8\v1.42\sources\common\atan.c estimated size: 499

C:\Program Files (x86)\Microchip\xc8\v1.42\sources\common\ftsub.c
		___ftsub       		CODE           	4732	0000	77

C:\Program Files (x86)\Microchip\xc8\v1.42\sources\common\ftsub.c estimated size: 77

mcc_generated_files/pwm3.c
		_PWM3_Initialize		CODE           	4B92	0000	23
		_PWM3_LoadDutyValue		CODE           	493C	0000	51

mcc_generated_files/pwm3.c estimated size: 74

C:\Program Files (x86)\Microchip\xc8\v1.42\sources\common\float.c
		___ftpack      		CODE           	4228	0000	175

C:\Program Files (x86)\Microchip\xc8\v1.42\sources\common\float.c estimated size: 175

calculations.c
		_minimum       		CODE           	477E	0000	63
		_computeRollPitch		CODE           	23F0	0000	751
		_fastatan2     		CODE           	20AC	0000	837
		_maximum       		CODE           	47BC	0000	63

calculations.c estimated size: 1714

mcc_generated_files/pwm1.c
		_PWM1_Initialize		CODE           	4BBE	0000	23
		_PWM1_LoadDutyValue		CODE           	4A24	0000	45

mcc_generated_files/pwm1.c estimated size: 68

C:\Program Files (x86)\Microchip\xc8\v1.42\sources\common\doprnt.c
		_scale         		CODE           	18F6	0000	1119
		_printf        		CODE           	0FCA	0000	2349
		_fround        		CODE           	2994	0000	627

C:\Program Files (x86)\Microchip\xc8\v1.42\sources\common\doprnt.c estimated size: 4095

C:\Program Files (x86)\Microchip\xc8\v1.42\sources\common\awmod.c
		___awmod       		CODE           	45AE	0000	113

C:\Program Files (x86)\Microchip\xc8\v1.42\sources\common\awmod.c estimated size: 113

C:\Program Files (x86)\Microchip\xc8\v1.42\sources\common\lltoft.c
		___lltoft      		CODE           	4684	0000	93

C:\Program Files (x86)\Microchip\xc8\v1.42\sources\common\lltoft.c estimated size: 93

C:\Program Files (x86)\Microchip\xc8\v1.42\sources\common\llmod.c
		___llmod       		CODE           	461E	0000	103

C:\Program Files (x86)\Microchip\xc8\v1.42\sources\common\llmod.c estimated size: 103

C:\Program Files (x86)\Microchip\xc8\v1.42\sources\common\Umul16.c
		___wmul        		CODE           	4A50	0000	39

C:\Program Files (x86)\Microchip\xc8\v1.42\sources\common\Umul16.c estimated size: 39

main.c
		_main          		CODE           	1D54	0000	857
		_interrupt_Init		CODE           	4C9A	0000	7
		_unlockI2C     		CODE           	47FA	0000	57

main.c estimated size: 921

pid.c
		_rollPid       		CODE           	33F0	0000	359
		_pid_Init      		CODE           	3C84	0000	273
		_pitchPid      		CODE           	4CB2	0000	3
		_pid           		CODE           	3B66	0000	287
		_yawPid        		CODE           	4CB0	0000	3

pid.c estimated size: 925

C:\Program Files (x86)\Microchip\xc8\v1.42\sources\common\atan2.c
		_atan2         		CODE           	26DE	0000	695

C:\Program Files (x86)\Microchip\xc8\v1.42\sources\common\atan2.c estimated size: 695

