Microchip MPLAB XC8 Compiler V1.42 ()

Linker command line:

-W-3 --edf=C:\Program Files (x86)\Microchip\xc8\v1.42\dat\en_msgs.txt -cs \
  -h+dist/default/production\Quadcopter.X.production.sym \
  --cmf=dist/default/production\Quadcopter.X.production.cmf -z -Q18F47K40 \
  -oC:\Users\Kenny\AppData\Local\Temp\s77g.2 \
  -Mdist/default/production/Quadcopter.X.production.map -E1 -ver=XC8 \
  -ASTACK=018Fh-0e7dh -pstack=STACK -ACODE=00h-01FFFFh -ACONST=00h-01FFFFh \
  -ASMALLCONST=0F00h-0FFFhx497 -AMEDIUMCONST=0F00h-0FFFFh,010F00h-01FFFFh \
  -ACOMRAM=01h-05Fh -AABS1=00h-0E7Dh -ABIGRAM=01h-0E7Dh \
  -ARAM=060h-0FFh,0100h-01FFhx13,0E00h-0E7Dh -ABANK0=060h-0FFh \
  -ABANK1=0100h-01FFh -ABANK2=0200h-02FFh -ABANK3=0300h-03FFh \
  -ABANK4=0400h-04FFh -ABANK5=0500h-05FFh -ABANK6=0600h-06FFh \
  -ABANK7=0700h-07FFh -ABANK8=0800h-08FFh -ABANK9=0900h-09FFh \
  -ABANK10=0A00h-0AFFh -ABANK11=0B00h-0BFFh -ABANK12=0C00h-0CFFh \
  -ABANK13=0D00h-0DFFh -ABANK14=0E00h-0E7Dh \
  -ASFR=0E7Eh-0EFFh,0F00h-0F5Fh,0F60h-0FFFh \
  -preset_vec=00h,intcode=08h,intcodelo,powerup,init -pramtop=0F00h \
  -psmallconst=SMALLCONST -pmediumconst=MEDIUMCONST -pconst=CONST \
  -AFARRAM=00h-00h -ACONFIG=0300000h-030000Bh -pconfig=CONFIG \
  -AIDLOC=0200000h-020000Fh -pidloc=IDLOC -AEEDATA=0310000h-03103FFh \
  -peeprom_data=EEDATA \
  -prdata=COMRAM,nvrram=COMRAM,nvbit=COMRAM,rbss=COMRAM,rbit=COMRAM \
  -pfarbss=FARRAM,fardata=FARRAM,nvFARRAM=FARRAM \
  -pintsave_regs=BIGRAM,bigbss=BIGRAM,bigdata=BIGRAM -pbss=RAM \
  -pidata=CODE,irdata=CODE,ibigdata=CODE,ifardata=CODE -prparam=COMRAM \
  C:\Users\Kenny\AppData\Local\Temp\s77g.obj \
  dist/default/production\Quadcopter.X.production.obj 

Object code version is 3.11

Machine type is 18F47K40

Call graph: (short form)




                Name                               Link     Load   Length Selector   Space Scale
C:\Users\Kenny\AppData\Local\Temp\s77g.obj
                init                                 8C       8C        4        4       0
                reset_vec                             0        0        4        0       0
                idloc                            200000   200000       10   200000       0
                config                           300000   300000        C   300000       0
dist/default/production\Quadcopter.X.production.obj
                intcode                               8        8       84        4       0
                temp                                 4C       4C        1        1       1
                smallconst                          F00      F00       AA      780       0
                text79                             42E4     42E4       2C      7D5       0
                text78                             42B8     42B8       2C      7D5       0
                text77                             41FC     41FC       32      7D5       0
                text76                             41CA     41CA       32      7D5       0
                text75                             3C62     3C62       96      7D5       0
                text74                             4336     4336       26      7D5       0
                text72                             44D0     44D0       12      7D5       0
                text71                             4494     4494       16      7D5       0
                text70                             40F8     40F8       38      7D5       0
                text69                             451A     451A        C      7D5       0
                text68                             43A4     43A4       20      7D5       0
                text67                             375C     375C       FE      7D5       0
                text66                             447E     447E       16      7D5       0
                text65                             4468     4468       16      7D5       0
                text64                             4452     4452       16      7D5       0
                text63                             443C     443C       16      7D5       0
                text62                             4566     4566        4      7D5       0
                text61                             422E     422E       30      7D5       0
                text60                             4500     4500        E      7D5       0
                text59                             4562     4562        4      7D5       0
                text58                             4130     4130       36      7D5       0
                text57                             425E     425E       2E      7D5       0
                text56                             441E     441E       1E      7D5       0
                text55                             455E     455E        4      7D5       0
                text54                             4544     4544        A      7D5       0
                text53                             3B08     3B08       AE      7D5       0
                text52                             25EC     25EC      268      7D5       0
                text51                             3FC0     3FC0       4C      7D5       0
                text50                             4380     4380       24      7D5       0
                text49                             2F1E     2F1E      14C      7D5       0
                text48                             385A     385A       F4      7D5       0
                text47                             435C     435C       24      7D5       0
                text46                             4198     4198       32      7D5       0
                text45                             3A40     3A40       C8      7D5       0
                text44                             404A     404A       3E      7D5       0
                text43                             400C     400C       3E      7D5       0
                text42                             1D34     1D34      344      7D5       0
                text41                             2A56     2A56      1D4      7D5       0
                text40                             2854     2854      202      7D5       0
                text39                             394E     394E       F2      7D5       0
                text38                             4554     4554        6      7D5       0
                text37                             2C2A     2C2A      18E      7D5       0
                text36                             456C     456C        2      7D5       0
                text35                             306A     306A      144      7D5       0
                text34                             2DB8     2DB8      166      7D5       0
                text33                             456A     456A        2      7D5       0
                text32                             352E     352E      11E      7D5       0
                text31                             364C     364C      110      7D5       0
                text30                             3E0C     3E0C       82      7D5       0
                text29                             3EFE     3EFE       66      7D5       0
                text28                             3F64     3F64       5C      7D5       0
                text27                             32E0     32E0      128      7D5       0
                text26                             31AE     31AE      132      7D5       0
                text25                             3D88     3D88       84      7D5       0
                text24                             3E8E     3E8E       70      7D5       0
                text23                             4310     4310       26      7D5       0
                text22                             237A     237A      272      7D5       0
                text21                             4400     4400       1E      7D5       0
                text20                             44F2     44F2        E      7D5       0
                text19                             453A     453A        A      7D5       0
                text18                             18D6     18D6      45E      7D5       0
                text17                              FAA      FAA      92C      7D5       0
                text16                             40C0     40C0       38      7D5       0
                text15                             454E     454E        6      7D5       0
                text14                             44E2     44E2       10      7D5       0
                text13                             44BE     44BE       12      7D5       0
                text12                             450E     450E        C      7D5       0
                text11                             455A     455A        4      7D5       0
                text10                             44AA     44AA       14      7D5       0
                text9                              3BB6     3BB6       AC      7D5       0
                text8                              3408     3408      126      7D5       0
                text7                              3CF8     3CF8       90      7D5       0
                text6                              4530     4530        A      7D5       0
                text5                              43E2     43E2       1E      7D5       0
                text4                              428C     428C       2C      7D5       0
                text3                              43C4     43C4       1E      7D5       0
                text2                              4526     4526        A      7D5       0
                text1                              4088     4088       38      7D5       0
                text0                              2078     2078      302      7D5       0
                cstackCOMRAM                          1        1       38        1       1
                cstackBANK0                          C1       C1       3A       60       1
                cstackBANK1                         172      172       1D      100       1
                bssBANK1                            100      100       72      100       1
                bssBANK0                             60       60       61       60       1
                bssCOMRAM                            39       39       13        1       1
                cinit                              4166     4166       32      7D5       0

TOTAL           Name                               Link     Load   Length     Space
        CLASS   STACK          

        CLASS   CODE           
                intcode                               8        8       84         0
                init                                 8C       8C        4         0
                reset_vec                             0        0        4         0
                text79                             42E4     42E4       2C         0
                text78                             42B8     42B8       2C         0
                text77                             41FC     41FC       32         0
                text76                             41CA     41CA       32         0
                text75                             3C62     3C62       96         0
                text74                             4336     4336       26         0
                text72                             44D0     44D0       12         0
                text71                             4494     4494       16         0
                text70                             40F8     40F8       38         0
                text69                             451A     451A        C         0
                text68                             43A4     43A4       20         0
                text67                             375C     375C       FE         0
                text66                             447E     447E       16         0
                text65                             4468     4468       16         0
                text64                             4452     4452       16         0
                text63                             443C     443C       16         0
                text62                             4566     4566        4         0
                text61                             422E     422E       30         0
                text60                             4500     4500        E         0
                text59                             4562     4562        4         0
                text58                             4130     4130       36         0
                text57                             425E     425E       2E         0
                text56                             441E     441E       1E         0
                text55                             455E     455E        4         0
                text54                             4544     4544        A         0
                text53                             3B08     3B08       AE         0
                text52                             25EC     25EC      268         0
                text51                             3FC0     3FC0       4C         0
                text50                             4380     4380       24         0
                text49                             2F1E     2F1E      14C         0
                text48                             385A     385A       F4         0
                text47                             435C     435C       24         0
                text46                             4198     4198       32         0
                text45                             3A40     3A40       C8         0
                text44                             404A     404A       3E         0
                text43                             400C     400C       3E         0
                text42                             1D34     1D34      344         0
                text41                             2A56     2A56      1D4         0
                text40                             2854     2854      202         0
                text39                             394E     394E       F2         0
                text38                             4554     4554        6         0
                text37                             2C2A     2C2A      18E         0
                text36                             456C     456C        2         0
                text35                             306A     306A      144         0
                text34                             2DB8     2DB8      166         0
                text33                             456A     456A        2         0
                text32                             352E     352E      11E         0
                text31                             364C     364C      110         0
                text30                             3E0C     3E0C       82         0
                text29                             3EFE     3EFE       66         0
                text28                             3F64     3F64       5C         0
                text27                             32E0     32E0      128         0
                text26                             31AE     31AE      132         0
                text25                             3D88     3D88       84         0
                text24                             3E8E     3E8E       70         0
                text23                             4310     4310       26         0
                text22                             237A     237A      272         0
                text21                             4400     4400       1E         0
                text20                             44F2     44F2        E         0
                text19                             453A     453A        A         0
                text18                             18D6     18D6      45E         0
                text17                              FAA      FAA      92C         0
                text16                             40C0     40C0       38         0
                text15                             454E     454E        6         0
                text14                             44E2     44E2       10         0
                text13                             44BE     44BE       12         0
                text12                             450E     450E        C         0
                text11                             455A     455A        4         0
                text10                             44AA     44AA       14         0
                text9                              3BB6     3BB6       AC         0
                text8                              3408     3408      126         0
                text7                              3CF8     3CF8       90         0
                text6                              4530     4530        A         0
                text5                              43E2     43E2       1E         0
                text4                              428C     428C       2C         0
                text3                              43C4     43C4       1E         0
                text2                              4526     4526        A         0
                text1                              4088     4088       38         0
                text0                              2078     2078      302         0
                cinit                              4166     4166       32         0

        CLASS   CONST          

        CLASS   SMALLCONST     
                smallconst                          F00      F00       AA         0

        CLASS   MEDIUMCONST    

        CLASS   COMRAM         
                temp                                 4C       4C        1         1
                cstackCOMRAM                          1        1       38         1
                bssCOMRAM                            39       39       13         1

        CLASS   ABS1           

        CLASS   BIGRAM         

        CLASS   RAM            

        CLASS   BANK0          
                cstackBANK0                          C1       C1       3A         1
                bssBANK0                             60       60       61         1

        CLASS   BANK1          
                cstackBANK1                         172      172       1D         1
                bssBANK1                            100      100       72         1

        CLASS   BANK2          

        CLASS   BANK3          

        CLASS   BANK4          

        CLASS   BANK5          

        CLASS   BANK6          

        CLASS   BANK7          

        CLASS   BANK8          

        CLASS   BANK9          

        CLASS   BANK10         

        CLASS   BANK11         

        CLASS   BANK12         

        CLASS   BANK13         

        CLASS   BANK14         

        CLASS   SFR            

        CLASS   FARRAM         

        CLASS   CONFIG         
                config                           300000   300000        C         0

        CLASS   IDLOC          
                idloc                            200000   200000       10         0

        CLASS   EEDATA         



SEGMENTS        Name                           Load    Length   Top    Selector   Space  Class

                reset_vec                      000000  000004  000004         0       0  CODE    
                cstackCOMRAM                   000001  00004C  00004D         1       1  COMRAM  
                intcode                        000008  000088  000090         4       0  CODE    
                bssBANK0                       000060  00009B  0000FB        60       1  BANK0   
                bssBANK1                       000100  00008F  00018F       100       1  BANK1   
                smallconst                     000F00  0000AA  000FAA       780       0  SMALLCON
                text17                         000FAA  0035C4  00456E       7D5       0  CODE    
                idloc                          200000  000010  200010    200000       0  IDLOC   
                config                         300000  00000C  30000C    300000       0  CONFIG  


UNUSED ADDRESS RANGES

        Name                Unused          Largest block    Delta
        BANK0            0000FB-0000FF                5
        BANK1            00018F-0001FF               71
        BANK10           000A00-000AFF              100
        BANK11           000B00-000BFF              100
        BANK12           000C00-000CFF              100
        BANK13           000D00-000DFF              100
        BANK14           000E00-000E7D               7E
        BANK2            000200-0002FF              100
        BANK3            000300-0003FF              100
        BANK4            000400-0004FF              100
        BANK5            000500-0005FF              100
        BANK6            000600-0006FF              100
        BANK7            000700-0007FF              100
        BANK8            000800-0008FF              100
        BANK9            000900-0009FF              100
        BIGRAM           00004D-00005F               13
                         0000FB-0000FF                5
                         00018F-000E7D              CEF
        CODE             000004-000007                4
                         000090-000EFF              E70
                         00456E-01FFFF            1BA92
        COMRAM           00004D-00005F               13
        CONST            000004-000007                4
                         000090-000EFF              E70
                         00456E-01FFFF            1BA92
        EEDATA           310000-3103FF              400
        MEDIUMCONST      00456E-00FFFF             BA92
                         010F00-01FFFF             F100
        RAM              0000FB-0000FF                5
                         00018F-000E7D              100
        SFR              000E7E-000FFF               82
        SMALLCONST       00456E-01FFFF              100
        STACK            00018F-000E7D              CEF

                                  Symbol Table

?_TMR0_Read16bitTimer                     cstackCOMRAM 000013
?___awdiv                                 cstackCOMRAM 000019
?___awmod                                 cstackCOMRAM 000013
?___awtoft                                cstackCOMRAM 00001B
?___ftadd                                 cstackBANK0  0000C8
?___ftdiv                                 cstackBANK0  0000D4
?___ftmul                                 cstackCOMRAM 000027
?___ftneg                                 cstackCOMRAM 000036
?___ftpack                                cstackCOMRAM 000013
?___ftsub                                 cstackBANK0  0000D4
?___fttol                                 cstackBANK0  0000D4
?___lldiv                                 cstackCOMRAM 000013
?___llmod                                 cstackCOMRAM 000020
?___lltoft                                cstackCOMRAM 00001B
?___lwtoft                                cstackCOMRAM 00001B
?___wmul                                  cstackCOMRAM 000021
?__div_to_l_                              cstackCOMRAM 000013
?__tdiv_to_l_                             cstackCOMRAM 000013
?_fabs                                    cstackBANK0  0000C1
?_fastatan2                               cstackBANK0  0000E3
?_fround                                  cstackCOMRAM 000036
?_maximum                                 cstackBANK0  0000CD
?_minimum                                 cstackBANK0  0000CD
?_printf                                  cstackBANK0  0000E3
?_scale                                   cstackCOMRAM 000036
EUSART1_Write@txData                      cstackCOMRAM 000013
I2C1_ISR@i2c_10bit_address_restart        bssCOMRAM    000046
I2C1_ISR@i2c_address                      bssCOMRAM    00004A
I2C1_ISR@i2c_bytes_left                   bssCOMRAM    000047
I2C1_ISR@pi2c_buf_ptr                     bssCOMRAM    00003E
I2C1_MasterRead@trBlock                   bssBANK1     000166
I2C1_MasterWrite@trBlock                  bssBANK1     00016C
PIN_MANAGER_Initialize@state              cstackCOMRAM 000013
PWM1_LoadDutyValue@dutyValue              cstackCOMRAM 000001
PWM2_LoadDutyValue@dutyValue              cstackCOMRAM 000001
PWM3_LoadDutyValue@dutyValue              cstackCOMRAM 000001
PWM4_LoadDutyValue@dutyValue              cstackCOMRAM 000001
TMR0_Read16bitTimer@readVal               cstackCOMRAM 000017
TMR0_Read16bitTimer@readValHigh           cstackCOMRAM 00001A
TMR0_Read16bitTimer@readValLow            cstackCOMRAM 000019
TMR0_Write16bitTimer@timerVal             cstackCOMRAM 000013
TMR2_SetInterruptHandler@InterruptHandler cstackCOMRAM 000013
_ANSELA                                   (abs)        000F11
_ANSELB                                   (abs)        000F19
_ANSELC                                   (abs)        000F21
_ANSELD                                   (abs)        000F26
_ANSELE                                   (abs)        000F2E
_BAUD1CON                                 (abs)        000F9F
_CCP1CON                                  (abs)        000FAC
_CCP1CONbits                              (abs)        000FAC
_CCP2CON                                  (abs)        000FA8
_CCP2CONbits                              (abs)        000FA8
_CCPR1H                                   (abs)        000FAB
_CCPR1L                                   (abs)        000FAA
_CCPR2H                                   (abs)        000FA7
_CCPR2L                                   (abs)        000FA6
_CCPTMRSbits                              (abs)        000FAE
_EUSART1_Initialize                       text71       004494
_EUSART1_Read                             text72       0044D0
_EUSART1_Write                            text20       0044F2
_GIE                                      (abs)        007F97
_I2C1_Initialize                          text70       0040F8
_INTCONbits                               (abs)        000FF2
_INTERRUPT_Initialize                     text69       00451A
_INTERRUPT_InterruptManagerHigh           intcode      000008
_IPR3bits                                 (abs)        000EBD
_IPR4bits                                 (abs)        000EBE
_LATA                                     (abs)        000F83
_LATB                                     (abs)        000F84
_LATBbits                                 (abs)        000F84
_LATC                                     (abs)        000F85
_LATCbits                                 (abs)        000F85
_LATD                                     (abs)        000F86
_LATE                                     (abs)        000F87
_ODCONA                                   (abs)        000F0F
_ODCONB                                   (abs)        000F17
_ODCONC                                   (abs)        000F1F
_ODCOND                                   (abs)        000F24
_ODCONE                                   (abs)        000F2C
_OSCCON1                                  (abs)        000ED8
_OSCCON3                                  (abs)        000EDA
_OSCEN                                    (abs)        000EDC
_OSCFRQ                                   (abs)        000EDE
_OSCILLATOR_Initialize                    text68       0043A4
_OSCTUNE                                  (abs)        000EDD
_PIE4bits                                 (abs)        000EC6
_PIN_MANAGER_Initialize                   text67       00375C
_PIR0bits                                 (abs)        000ECA
_PIR3bits                                 (abs)        000ECD
_PIR4bits                                 (abs)        000ECE
_PPSLOCK                                  (abs)        000EA0
_PPSLOCKbits                              (abs)        000EA0
_PR2                                      (abs)        000FBC
_PWM1_Initialize                          text66       00447E
_PWM1_LoadDutyValue                       text79       0042E4
_PWM2_Initialize                          text65       004468
_PWM2_LoadDutyValue                       text78       0042B8
_PWM3CON                                  (abs)        000FA5
_PWM3DCH                                  (abs)        000FA4
_PWM3DCL                                  (abs)        000FA3
_PWM3_Initialize                          text64       004452
_PWM3_LoadDutyValue                       text77       0041FC
_PWM4CON                                  (abs)        000FA2
_PWM4DCH                                  (abs)        000FA1
_PWM4DCL                                  (abs)        000FA0
_PWM4_Initialize                          text63       00443C
_PWM4_LoadDutyValue                       text76       0041CA
_RA4PPS                                   (abs)        000EEB
_RA5PPS                                   (abs)        000EEC
_RB1PPS                                   (abs)        000EF0
_RB2PPS                                   (abs)        000EF1
_RC1REG                                   (abs)        000F99
_RC1STA                                   (abs)        000F9D
_RC1STAbits                               (abs)        000F9D
_RC3PPS                                   (abs)        000EFA
_RC4PPS                                   (abs)        000EFB
_RC7PPS                                   (abs)        000EFE
_RX1PPSbits                               (abs)        000EB5
_SP1BRGH                                  (abs)        000F9C
_SP1BRGL                                  (abs)        000F9B
_SSP1ADD                                  (abs)        000F93
_SSP1BUF                                  (abs)        000F92
_SSP1CLKPPSbits                           (abs)        000EB7
_SSP1CON1                                 (abs)        000F96
_SSP1CON1bits                             (abs)        000F96
_SSP1CON2                                 (abs)        000F97
_SSP1CON2bits                             (abs)        000F97
_SSP1CON3                                 (abs)        000F98
_SSP1DATPPSbits                           (abs)        000EB8
_SSP1STAT                                 (abs)        000F95
_SSP1STATbits                             (abs)        000F95
_SYSTEM_Initialize                        text57       00425E
_T0CON0                                   (abs)        000FD5
_T0CON0bits                               (abs)        000FD5
_T0CON1                                   (abs)        000FD6
_T2CLKCON                                 (abs)        000FBF
_T2CON                                    (abs)        000FBD
_T2CONbits                                (abs)        000FBD
_T2HLT                                    (abs)        000FBE
_T2HLTbits                                (abs)        000FBE
_T2PR                                     (abs)        000FBC
_T2RST                                    (abs)        000FC0
_T2RSTbits                                (abs)        000FC0
_T2TMR                                    (abs)        000FBB
_TMR0H                                    (abs)        000FD4
_TMR0L                                    (abs)        000FD3
_TMR0_Initialize                          text61       00422E
_TMR0_Read16bitTimer                      text56       00441E
_TMR0_StartTimer                          text62       004566
_TMR0_StopTimer                           text55       00455E
_TMR0_Write16bitTimer                     text54       004544
_TMR2                                     (abs)        000FBB
_TMR2_DefaultInterruptHandler             text75       003C62
_TMR2_ISR                                 text74       004336
_TMR2_Initialize                          text58       004130
_TMR2_InterruptHandler                    bssCOMRAM    000039
_TMR2_SetInterruptHandler                 text60       004500
_TMR2_Start                               text59       004562
_TRISA                                    (abs)        000F88
_TRISB                                    (abs)        000F89
_TRISBbits                                (abs)        000F89
_TRISC                                    (abs)        000F8A
_TRISCbits                                (abs)        000F8A
_TRISD                                    (abs)        000F8B
_TRISE                                    (abs)        000F8C
_TX1REG                                   (abs)        000F9A
_TX1STA                                   (abs)        000F9E
_WPUA                                     (abs)        000F10
_WPUB                                     (abs)        000F18
_WPUC                                     (abs)        000F20
_WPUD                                     (abs)        000F25
_WPUE                                     (abs)        000F2D
__CFG_BOREN$SBORDIS                       (abs)        000000
__CFG_BORV$VBOR_2P45                      (abs)        000000
__CFG_CLKOUTEN$OFF                        (abs)        000000
__CFG_CP$OFF                              (abs)        000000
__CFG_CPD$OFF                             (abs)        000000
__CFG_CSWEN$ON                            (abs)        000000
__CFG_DEBUG$OFF                           (abs)        000000
__CFG_EBTR0$OFF                           (abs)        000000
__CFG_EBTR1$OFF                           (abs)        000000
__CFG_EBTR2$OFF                           (abs)        000000
__CFG_EBTR3$OFF                           (abs)        000000
__CFG_EBTR4$OFF                           (abs)        000000
__CFG_EBTR5$OFF                           (abs)        000000
__CFG_EBTR6$OFF                           (abs)        000000
__CFG_EBTR7$OFF                           (abs)        000000
__CFG_EBTRB$OFF                           (abs)        000000
__CFG_FCMEN$ON                            (abs)        000000
__CFG_FEXTOSC$OFF                         (abs)        000000
__CFG_LPBOREN$OFF                         (abs)        000000
__CFG_LVP$ON                              (abs)        000000
__CFG_MCLRE$EXTMCLR                       (abs)        000000
__CFG_PPS1WAY$ON                          (abs)        000000
__CFG_PWRTE$OFF                           (abs)        000000
__CFG_RSTOSC$HFINTOSC_64MHZ               (abs)        000000
__CFG_SCANE$ON                            (abs)        000000
__CFG_STVREN$ON                           (abs)        000000
__CFG_WDTCCS$SC                           (abs)        000000
__CFG_WDTCPS$WDTCPS_31                    (abs)        000000
__CFG_WDTCWS$WDTCWS_7                     (abs)        000000
__CFG_WDTE$OFF                            (abs)        000000
__CFG_WRT0$OFF                            (abs)        000000
__CFG_WRT1$OFF                            (abs)        000000
__CFG_WRT2$OFF                            (abs)        000000
__CFG_WRT3$OFF                            (abs)        000000
__CFG_WRT4$OFF                            (abs)        000000
__CFG_WRT5$OFF                            (abs)        000000
__CFG_WRT6$OFF                            (abs)        000000
__CFG_WRT7$OFF                            (abs)        000000
__CFG_WRTB$OFF                            (abs)        000000
__CFG_WRTC$OFF                            (abs)        000000
__CFG_WRTD$OFF                            (abs)        000000
__CFG_XINST$OFF                           (abs)        000000
__CFG_ZCD$OFF                             (abs)        000000
__HRAM                                    (abs)        000000
__Habs1                                   abs1         000000
__Hbank0                                  bank0        000000
__Hbank1                                  bank1        000000
__Hbank10                                 bank10       000000
__Hbank11                                 bank11       000000
__Hbank12                                 bank12       000000
__Hbank13                                 bank13       000000
__Hbank14                                 bank14       000000
__Hbank2                                  bank2        000000
__Hbank3                                  bank3        000000
__Hbank4                                  bank4        000000
__Hbank5                                  bank5        000000
__Hbank6                                  bank6        000000
__Hbank7                                  bank7        000000
__Hbank8                                  bank8        000000
__Hbank9                                  bank9        000000
__Hbigbss                                 bigbss       000000
__Hbigdata                                bigdata      000000
__Hbigram                                 bigram       000000
__Hbss                                    bss          000000
__HbssBANK0                               bssBANK0     000000
__HbssBANK1                               bssBANK1     000000
__HbssCOMRAM                              bssCOMRAM    000000
__Hcinit                                  cinit        000000
__Hclrtext                                clrtext      000000
__Hcomram                                 comram       000000
__Hconfig                                 config       30000C
__Hconst                                  const        000000
__HcstackBANK0                            cstackBANK0  000000
__HcstackBANK1                            cstackBANK1  000000
__HcstackCOMRAM                           cstackCOMRAM 000000
__Hdata                                   data         000000
__Heeprom_data                            eeprom_data  000000
__Hfarbss                                 farbss       000000
__Hfardata                                fardata      000000
__Hibigdata                               ibigdata     000000
__Hidata                                  idata        000000
__Hidloc                                  idloc        200010
__Hifardata                               ifardata     000000
__Hinit                                   init         000090
__Hintcode                                intcode      00008C
__Hintcode_body                           intcode_body 000000
__Hintcodelo                              intcodelo    00008C
__Hintentry                               intentry     000000
__Hintret                                 intret       000000
__Hintsave_regs                           intsave_regs 000000
__Hirdata                                 irdata       000000
__Hmediumconst                            mediumconst  000000
__HnvFARRAM                               nvFARRAM     000000
__Hnvbit                                  nvbit        000000
__Hnvrram                                 nvrram       000000
__Hparam                                  rparam       000000
__Hpowerup                                powerup      00008C
__Hram                                    ram          000000
__Hramtop                                 ramtop       000F00
__Hrbit                                   rbit         000000
__Hrbss                                   rbss         000000
__Hrdata                                  rdata        000000
__Hreset_vec                              reset_vec    000004
__Hrparam                                 rparam       000000
__Hsfr                                    sfr          000000
__Hsmallconst                             smallconst   000FAA
__Hspace_0                                (abs)        30000C
__Hspace_1                                (abs)        00018F
__Hspace_2                                (abs)        000000
__Hstack                                  stack        000000
__Hstruct                                 struct       000000
__Htemp                                   temp         00004D
__Htext                                   text         000000
__Htext0                                  text0        000000
__Htext1                                  text1        000000
__Htext10                                 text10       000000
__Htext11                                 text11       000000
__Htext12                                 text12       000000
__Htext13                                 text13       000000
__Htext14                                 text14       000000
__Htext15                                 text15       000000
__Htext16                                 text16       000000
__Htext17                                 text17       000000
__Htext18                                 text18       000000
__Htext19                                 text19       000000
__Htext2                                  text2        000000
__Htext20                                 text20       000000
__Htext21                                 text21       000000
__Htext22                                 text22       000000
__Htext23                                 text23       000000
__Htext24                                 text24       000000
__Htext25                                 text25       000000
__Htext26                                 text26       000000
__Htext27                                 text27       000000
__Htext28                                 text28       000000
__Htext29                                 text29       000000
__Htext3                                  text3        000000
__Htext30                                 text30       000000
__Htext31                                 text31       000000
__Htext32                                 text32       000000
__Htext33                                 text33       000000
__Htext34                                 text34       000000
__Htext35                                 text35       000000
__Htext36                                 text36       000000
__Htext37                                 text37       000000
__Htext38                                 text38       000000
__Htext39                                 text39       000000
__Htext4                                  text4        000000
__Htext40                                 text40       000000
__Htext41                                 text41       000000
__Htext42                                 text42       000000
__Htext43                                 text43       000000
__Htext44                                 text44       000000
__Htext45                                 text45       000000
__Htext46                                 text46       000000
__Htext47                                 text47       000000
__Htext48                                 text48       000000
__Htext49                                 text49       000000
__Htext5                                  text5        000000
__Htext50                                 text50       000000
__Htext51                                 text51       000000
__Htext52                                 text52       000000
__Htext53                                 text53       000000
__Htext54                                 text54       000000
__Htext55                                 text55       000000
__Htext56                                 text56       000000
__Htext57                                 text57       000000
__Htext58                                 text58       000000
__Htext59                                 text59       000000
__Htext6                                  text6        000000
__Htext60                                 text60       000000
__Htext61                                 text61       000000
__Htext62                                 text62       000000
__Htext63                                 text63       000000
__Htext64                                 text64       000000
__Htext65                                 text65       000000
__Htext66                                 text66       000000
__Htext67                                 text67       000000
__Htext68                                 text68       000000
__Htext69                                 text69       000000
__Htext7                                  text7        000000
__Htext70                                 text70       000000
__Htext71                                 text71       000000
__Htext72                                 text72       000000
__Htext74                                 text74       000000
__Htext75                                 text75       000000
__Htext76                                 text76       000000
__Htext77                                 text77       000000
__Htext78                                 text78       000000
__Htext79                                 text79       000000
__Htext8                                  text8        000000
__Htext80                                 text80       000000
__Htext9                                  text9        000000
__LRAM                                    (abs)        000001
__Labs1                                   abs1         000000
__Lbank0                                  bank0        000000
__Lbank1                                  bank1        000000
__Lbank10                                 bank10       000000
__Lbank11                                 bank11       000000
__Lbank12                                 bank12       000000
__Lbank13                                 bank13       000000
__Lbank14                                 bank14       000000
__Lbank2                                  bank2        000000
__Lbank3                                  bank3        000000
__Lbank4                                  bank4        000000
__Lbank5                                  bank5        000000
__Lbank6                                  bank6        000000
__Lbank7                                  bank7        000000
__Lbank8                                  bank8        000000
__Lbank9                                  bank9        000000
__Lbigbss                                 bigbss       000000
__Lbigdata                                bigdata      000000
__Lbigram                                 bigram       000000
__Lbss                                    bss          000000
__LbssBANK0                               bssBANK0     000000
__LbssBANK1                               bssBANK1     000000
__LbssCOMRAM                              bssCOMRAM    000000
__Lcinit                                  cinit        000000
__Lclrtext                                clrtext      000000
__Lcomram                                 comram       000000
__Lconfig                                 config       300000
__Lconst                                  const        000000
__LcstackBANK0                            cstackBANK0  000000
__LcstackBANK1                            cstackBANK1  000000
__LcstackCOMRAM                           cstackCOMRAM 000000
__Ldata                                   data         000000
__Leeprom_data                            eeprom_data  000000
__Lfarbss                                 farbss       000000
__Lfardata                                fardata      000000
__Libigdata                               ibigdata     000000
__Lidata                                  idata        000000
__Lidloc                                  idloc        200000
__Lifardata                               ifardata     000000
__Linit                                   init         00008C
__Lintcode                                intcode      000008
__Lintcode_body                           intcode_body 000000
__Lintcodelo                              intcodelo    00008C
__Lintentry                               intentry     000000
__Lintret                                 intret       000000
__Lintsave_regs                           intsave_regs 000000
__Lirdata                                 irdata       000000
__Lmediumconst                            mediumconst  000000
__LnvFARRAM                               nvFARRAM     000000
__Lnvbit                                  nvbit        000000
__Lnvrram                                 nvrram       000000
__Lparam                                  rparam       000000
__Lpowerup                                powerup      00008C
__Lram                                    ram          000000
__Lramtop                                 ramtop       000F00
__Lrbit                                   rbit         000000
__Lrbss                                   rbss         000000
__Lrdata                                  rdata        000000
__Lreset_vec                              reset_vec    000000
__Lrparam                                 rparam       000000
__Lsfr                                    sfr          000000
__Lsmallconst                             smallconst   000F00
__Lspace_0                                (abs)        000000
__Lspace_1                                (abs)        000000
__Lspace_2                                (abs)        000000
__Lstack                                  stack        000000
__Lstruct                                 struct       000000
__Ltemp                                   temp         00004C
__Ltext                                   text         000000
__Ltext0                                  text0        000000
__Ltext1                                  text1        000000
__Ltext10                                 text10       000000
__Ltext11                                 text11       000000
__Ltext12                                 text12       000000
__Ltext13                                 text13       000000
__Ltext14                                 text14       000000
__Ltext15                                 text15       000000
__Ltext16                                 text16       000000
__Ltext17                                 text17       000000
__Ltext18                                 text18       000000
__Ltext19                                 text19       000000
__Ltext2                                  text2        000000
__Ltext20                                 text20       000000
__Ltext21                                 text21       000000
__Ltext22                                 text22       000000
__Ltext23                                 text23       000000
__Ltext24                                 text24       000000
__Ltext25                                 text25       000000
__Ltext26                                 text26       000000
__Ltext27                                 text27       000000
__Ltext28                                 text28       000000
__Ltext29                                 text29       000000
__Ltext3                                  text3        000000
__Ltext30                                 text30       000000
__Ltext31                                 text31       000000
__Ltext32                                 text32       000000
__Ltext33                                 text33       000000
__Ltext34                                 text34       000000
__Ltext35                                 text35       000000
__Ltext36                                 text36       000000
__Ltext37                                 text37       000000
__Ltext38                                 text38       000000
__Ltext39                                 text39       000000
__Ltext4                                  text4        000000
__Ltext40                                 text40       000000
__Ltext41                                 text41       000000
__Ltext42                                 text42       000000
__Ltext43                                 text43       000000
__Ltext44                                 text44       000000
__Ltext45                                 text45       000000
__Ltext46                                 text46       000000
__Ltext47                                 text47       000000
__Ltext48                                 text48       000000
__Ltext49                                 text49       000000
__Ltext5                                  text5        000000
__Ltext50                                 text50       000000
__Ltext51                                 text51       000000
__Ltext52                                 text52       000000
__Ltext53                                 text53       000000
__Ltext54                                 text54       000000
__Ltext55                                 text55       000000
__Ltext56                                 text56       000000
__Ltext57                                 text57       000000
__Ltext58                                 text58       000000
__Ltext59                                 text59       000000
__Ltext6                                  text6        000000
__Ltext60                                 text60       000000
__Ltext61                                 text61       000000
__Ltext62                                 text62       000000
__Ltext63                                 text63       000000
__Ltext64                                 text64       000000
__Ltext65                                 text65       000000
__Ltext66                                 text66       000000
__Ltext67                                 text67       000000
__Ltext68                                 text68       000000
__Ltext69                                 text69       000000
__Ltext7                                  text7        000000
__Ltext70                                 text70       000000
__Ltext71                                 text71       000000
__Ltext72                                 text72       000000
__Ltext74                                 text74       000000
__Ltext75                                 text75       000000
__Ltext76                                 text76       000000
__Ltext77                                 text77       000000
__Ltext78                                 text78       000000
__Ltext79                                 text79       000000
__Ltext8                                  text8        000000
__Ltext80                                 text80       000000
__Ltext9                                  text9        000000
__S0                                      (abs)        30000C
__S1                                      (abs)        00018F
__S2                                      (abs)        000000
___awdiv                                  text25       003D88
___awdiv@counter                          cstackCOMRAM 00001D
___awdiv@dividend                         cstackCOMRAM 000019
___awdiv@divisor                          cstackCOMRAM 00001B
___awdiv@quotient                         cstackCOMRAM 00001F
___awdiv@sign                             cstackCOMRAM 00001E
___awmod                                  text24       003E8E
___awmod@counter                          cstackCOMRAM 000017
___awmod@dividend                         cstackCOMRAM 000013
___awmod@divisor                          cstackCOMRAM 000015
___awmod@sign                             cstackCOMRAM 000018
___awtoft                                 text16       0040C0
___awtoft@c                               cstackCOMRAM 00001B
___awtoft@sign                            cstackCOMRAM 00001E
___ftadd                                  text52       0025EC
___ftadd@exp1                             cstackBANK0  0000D3
___ftadd@exp2                             cstackBANK0  0000D2
___ftadd@f1                               cstackBANK0  0000C8
___ftadd@f2                               cstackBANK0  0000CB
___ftadd@sign                             cstackBANK0  0000D1
___ftdiv                                  text49       002F1E
___ftdiv@cntr                             cstackBANK0  0000DD
___ftdiv@exp                              cstackBANK0  0000E1
___ftdiv@f1                               cstackBANK0  0000D4
___ftdiv@f2                               cstackBANK0  0000D7
___ftdiv@f3                               cstackBANK0  0000DE
___ftdiv@sign                             cstackBANK0  0000E2
___ftge                                   text45       003A40
___ftge@ff1                               cstackBANK0  0000C4
___ftge@ff2                               cstackBANK0  0000C7
___ftmul                                  text48       00385A
___ftmul@cntr                             cstackCOMRAM 000034
___ftmul@exp                              cstackCOMRAM 000030
___ftmul@f1                               cstackCOMRAM 000027
___ftmul@f2                               cstackCOMRAM 00002A
___ftmul@f3_as_product                    cstackCOMRAM 000031
___ftmul@sign                             cstackCOMRAM 000035
___ftneg                                  text47       00435C
___ftneg@f1                               cstackCOMRAM 000036
___ftpack                                 text53       003B08
___ftpack@arg                             cstackCOMRAM 000013
___ftpack@exp                             cstackCOMRAM 000016
___ftpack@sign                            cstackCOMRAM 000017
___ftsub                                  text51       003FC0
___ftsub@f1                               cstackBANK0  0000D4
___ftsub@f2                               cstackBANK0  0000D7
___fttol                                  text35       00306A
___fttol@exp1                             cstackBANK0  0000E2
___fttol@f1                               cstackBANK0  0000D4
___fttol@lval                             cstackBANK0  0000DE
___fttol@sign1                            cstackBANK0  0000DD
___inthi_sp                               stack        000000
___intlo_sp                               stack        000000
___lldiv                                  text30       003E0C
___lldiv@counter                          cstackCOMRAM 00001F
___lldiv@dividend                         cstackCOMRAM 000013
___lldiv@divisor                          cstackCOMRAM 000017
___lldiv@quotient                         cstackCOMRAM 00001B
___llmod                                  text29       003EFE
___llmod@counter                          cstackCOMRAM 000028
___llmod@dividend                         cstackCOMRAM 000020
___llmod@divisor                          cstackCOMRAM 000024
___lltoft                                 text28       003F64
___lltoft@c                               cstackCOMRAM 00001B
___lltoft@exp                             cstackCOMRAM 000023
___lwtoft                                 text50       004380
___lwtoft@c                               cstackCOMRAM 00001B
___param_bank                             (abs)        000000
___rparam_used                            (abs)        000001
___sp                                     stack        000000
___wmul                                   text23       004310
___wmul@multiplicand                      cstackCOMRAM 000023
___wmul@multiplier                        cstackCOMRAM 000021
___wmul@product                           cstackCOMRAM 000025
__accesstop                               (abs)        000060
__activetblptr                            (abs)        000003
__div_to_l_                               text27       0032E0
__div_to_l_@cntr                          cstackCOMRAM 00001D
__div_to_l_@exp1                          cstackCOMRAM 00001E
__div_to_l_@f1                            cstackCOMRAM 000013
__div_to_l_@f2                            cstackCOMRAM 000016
__div_to_l_@quot                          cstackCOMRAM 000019
__end_of_EUSART1_Initialize               text71       0044AA
__end_of_EUSART1_Read                     text72       0044E2
__end_of_EUSART1_Write                    text20       004500
__end_of_I2C1_Initialize                  text70       004130
__end_of_INTERRUPT_Initialize             text69       004526
__end_of_INTERRUPT_InterruptManagerHigh   intcode      00008C
__end_of_OSCILLATOR_Initialize            text68       0043C4
__end_of_PIN_MANAGER_Initialize           text67       00385A
__end_of_PWM1_Initialize                  text66       004494
__end_of_PWM1_LoadDutyValue               text79       004310
__end_of_PWM2_Initialize                  text65       00447E
__end_of_PWM2_LoadDutyValue               text78       0042E4
__end_of_PWM3_Initialize                  text64       004468
__end_of_PWM3_LoadDutyValue               text77       00422E
__end_of_PWM4_Initialize                  text63       004452
__end_of_PWM4_LoadDutyValue               text76       0041FC
__end_of_SYSTEM_Initialize                text57       00428C
__end_of_TMR0_Initialize                  text61       00425E
__end_of_TMR0_Read16bitTimer              text56       00443C
__end_of_TMR0_StartTimer                  text62       00456A
__end_of_TMR0_StopTimer                   text55       004562
__end_of_TMR0_Write16bitTimer             text54       00454E
__end_of_TMR2_DefaultInterruptHandler     text75       003CF8
__end_of_TMR2_ISR                         text74       00435C
__end_of_TMR2_Initialize                  text58       004166
__end_of_TMR2_SetInterruptHandler         text60       00450E
__end_of_TMR2_Start                       text59       004566
__end_of___awdiv                          text25       003E0C
__end_of___awmod                          text24       003EFE
__end_of___awtoft                         text16       0040F8
__end_of___ftadd                          text52       002854
__end_of___ftdiv                          text49       00306A
__end_of___ftge                           text45       003B08
__end_of___ftmul                          text48       00394E
__end_of___ftneg                          text47       004380
__end_of___ftpack                         text53       003BB6
__end_of___ftsub                          text51       00400C
__end_of___fttol                          text35       0031AE
__end_of___lldiv                          text30       003E8E
__end_of___llmod                          text29       003F64
__end_of___lltoft                         text28       003FC0
__end_of___lwtoft                         text50       0043A4
__end_of___wmul                           text23       004336
__end_of__div_to_l_                       text27       003408
__end_of__initialization                  cinit        00418E
__end_of__npowers_                        smallconst   000F77
__end_of__powers_                         smallconst   000F50
__end_of__tdiv_to_l_                      text26       0032E0
__end_of_accel_Init                       text4        0042B8
__end_of_acki2c                           text15       004554
__end_of_checkI2Cbusy                     text13       0044D0
__end_of_computeRollPitch                 text41       002C2A
__end_of_dpowers                          smallconst   000F29
__end_of_fabs                             text46       0041CA
__end_of_fastatan2                        text42       002078
__end_of_filterData                       text39       003A40
__end_of_fround                           text22       0025EC
__end_of_gyro_Init                        text3        0043E2
__end_of_interrupt_Init                   text38       00455A
__end_of_isdigit                          text21       00441E
__end_of_kalmanUpdate                     text40       002A56
__end_of_kalman_Init                      text37       002DB8
__end_of_main                             text0        00237A
__end_of_maximum                          text44       004088
__end_of_minimum                          text43       00404A
__end_of_pid                              text32       00364C
__end_of_pid_Init                         text31       00375C
__end_of_pitchPid                         text36       00456E
__end_of_printf                           text17       0018D6
__end_of_putch                            text19       004544
__end_of_readAccel                        text8        00352E
__end_of_readGyro                         text7        003D88
__end_of_readSensors                      text6        00453A
__end_of_readi2c                          text14       0044F2
__end_of_readi2cData                      text9        003C62
__end_of_rollPid                          text34       002F1E
__end_of_scale                            text18       001D34
__end_of_sensors_Init                     text2        004530
__end_of_starti2c                         text12       00451A
__end_of_stopi2c                          text11       00455E
__end_of_unlockI2C                        text1        0040C0
__end_of_writei2c                         text10       0044BE
__end_of_writei2cData                     text5        004400
__end_of_yawPid                           text33       00456C
__initialization                          cinit        004166
__mediumconst                             mediumconst  000000
__npowers_                                smallconst   000F50
__pbssBANK0                               bssBANK0     000060
__pbssBANK1                               bssBANK1     000100
__pbssCOMRAM                              bssCOMRAM    000039
__pcinit                                  cinit        004166
__pcstackBANK0                            cstackBANK0  0000C1
__pcstackBANK1                            cstackBANK1  000172
__pcstackCOMRAM                           cstackCOMRAM 000001
__pintcode                                intcode      000008
__powers_                                 smallconst   000F29
__psmallconst                             smallconst   000F00
__ptext0                                  text0        002078
__ptext1                                  text1        004088
__ptext10                                 text10       0044AA
__ptext11                                 text11       00455A
__ptext12                                 text12       00450E
__ptext13                                 text13       0044BE
__ptext14                                 text14       0044E2
__ptext15                                 text15       00454E
__ptext16                                 text16       0040C0
__ptext17                                 text17       000FAA
__ptext18                                 text18       0018D6
__ptext19                                 text19       00453A
__ptext2                                  text2        004526
__ptext20                                 text20       0044F2
__ptext21                                 text21       004400
__ptext22                                 text22       00237A
__ptext23                                 text23       004310
__ptext24                                 text24       003E8E
__ptext25                                 text25       003D88
__ptext26                                 text26       0031AE
__ptext27                                 text27       0032E0
__ptext28                                 text28       003F64
__ptext29                                 text29       003EFE
__ptext3                                  text3        0043C4
__ptext30                                 text30       003E0C
__ptext31                                 text31       00364C
__ptext32                                 text32       00352E
__ptext33                                 text33       00456A
__ptext34                                 text34       002DB8
__ptext35                                 text35       00306A
__ptext36                                 text36       00456C
__ptext37                                 text37       002C2A
__ptext38                                 text38       004554
__ptext39                                 text39       00394E
__ptext4                                  text4        00428C
__ptext40                                 text40       002854
__ptext41                                 text41       002A56
__ptext42                                 text42       001D34
__ptext43                                 text43       00400C
__ptext44                                 text44       00404A
__ptext45                                 text45       003A40
__ptext46                                 text46       004198
__ptext47                                 text47       00435C
__ptext48                                 text48       00385A
__ptext49                                 text49       002F1E
__ptext5                                  text5        0043E2
__ptext50                                 text50       004380
__ptext51                                 text51       003FC0
__ptext52                                 text52       0025EC
__ptext53                                 text53       003B08
__ptext54                                 text54       004544
__ptext55                                 text55       00455E
__ptext56                                 text56       00441E
__ptext57                                 text57       00425E
__ptext58                                 text58       004130
__ptext59                                 text59       004562
__ptext6                                  text6        004530
__ptext60                                 text60       004500
__ptext61                                 text61       00422E
__ptext62                                 text62       004566
__ptext63                                 text63       00443C
__ptext64                                 text64       004452
__ptext65                                 text65       004468
__ptext66                                 text66       00447E
__ptext67                                 text67       00375C
__ptext68                                 text68       0043A4
__ptext69                                 text69       00451A
__ptext7                                  text7        003CF8
__ptext70                                 text70       0040F8
__ptext71                                 text71       004494
__ptext72                                 text72       0044D0
__ptext74                                 text74       004336
__ptext75                                 text75       003C62
__ptext76                                 text76       0041CA
__ptext77                                 text77       0041FC
__ptext78                                 text78       0042B8
__ptext79                                 text79       0042E4
__ptext8                                  text8        003408
__ptext80                                 text80       000000
__ptext9                                  text9        003BB6
__ramtop                                  ramtop       000F00
__size_of_EUSART1_Initialize              (abs)        000000
__size_of_EUSART1_Read                    (abs)        000000
__size_of_EUSART1_Write                   (abs)        000000
__size_of_I2C1_Initialize                 (abs)        000000
__size_of_INTERRUPT_Initialize            (abs)        000000
__size_of_INTERRUPT_InterruptManagerHigh  (abs)        000000
__size_of_OSCILLATOR_Initialize           (abs)        000000
__size_of_PIN_MANAGER_Initialize          (abs)        000000
__size_of_PWM1_Initialize                 (abs)        000000
__size_of_PWM1_LoadDutyValue              (abs)        000000
__size_of_PWM2_Initialize                 (abs)        000000
__size_of_PWM2_LoadDutyValue              (abs)        000000
__size_of_PWM3_Initialize                 (abs)        000000
__size_of_PWM3_LoadDutyValue              (abs)        000000
__size_of_PWM4_Initialize                 (abs)        000000
__size_of_PWM4_LoadDutyValue              (abs)        000000
__size_of_SYSTEM_Initialize               (abs)        000000
__size_of_TMR0_Initialize                 (abs)        000000
__size_of_TMR0_Read16bitTimer             (abs)        000000
__size_of_TMR0_StartTimer                 (abs)        000000
__size_of_TMR0_StopTimer                  (abs)        000000
__size_of_TMR0_Write16bitTimer            (abs)        000000
__size_of_TMR2_DefaultInterruptHandler    (abs)        000000
__size_of_TMR2_ISR                        (abs)        000000
__size_of_TMR2_Initialize                 (abs)        000000
__size_of_TMR2_SetInterruptHandler        (abs)        000000
__size_of_TMR2_Start                      (abs)        000000
__size_of___awdiv                         (abs)        000000
__size_of___awmod                         (abs)        000000
__size_of___awtoft                        (abs)        000000
__size_of___ftadd                         (abs)        000000
__size_of___ftdiv                         (abs)        000000
__size_of___ftge                          (abs)        000000
__size_of___ftmul                         (abs)        000000
__size_of___ftneg                         (abs)        000000
__size_of___ftpack                        (abs)        000000
__size_of___ftsub                         (abs)        000000
__size_of___fttol                         (abs)        000000
__size_of___lldiv                         (abs)        000000
__size_of___llmod                         (abs)        000000
__size_of___lltoft                        (abs)        000000
__size_of___lwtoft                        (abs)        000000
__size_of___wmul                          (abs)        000000
__size_of__div_to_l_                      (abs)        000000
__size_of__tdiv_to_l_                     (abs)        000000
__size_of_accel_Init                      (abs)        000000
__size_of_acki2c                          (abs)        000000
__size_of_checkI2Cbusy                    (abs)        000000
__size_of_computeRollPitch                (abs)        000000
__size_of_fabs                            (abs)        000000
__size_of_fastatan2                       (abs)        000000
__size_of_filterData                      (abs)        000000
__size_of_fround                          (abs)        000000
__size_of_gyro_Init                       (abs)        000000
__size_of_interrupt_Init                  (abs)        000000
__size_of_isdigit                         (abs)        000000
__size_of_kalmanUpdate                    (abs)        000000
__size_of_kalman_Init                     (abs)        000000
__size_of_main                            (abs)        000000
__size_of_maximum                         (abs)        000000
__size_of_minimum                         (abs)        000000
__size_of_pid                             (abs)        000000
__size_of_pid_Init                        (abs)        000000
__size_of_pitchPid                        (abs)        000000
__size_of_printf                          (abs)        000000
__size_of_putch                           (abs)        000000
__size_of_readAccel                       (abs)        000000
__size_of_readGyro                        (abs)        000000
__size_of_readSensors                     (abs)        000000
__size_of_readi2c                         (abs)        000000
__size_of_readi2cData                     (abs)        000000
__size_of_rollPid                         (abs)        000000
__size_of_scale                           (abs)        000000
__size_of_sensors_Init                    (abs)        000000
__size_of_starti2c                        (abs)        000000
__size_of_stopi2c                         (abs)        000000
__size_of_unlockI2C                       (abs)        000000
__size_of_writei2c                        (abs)        000000
__size_of_writei2cData                    (abs)        000000
__size_of_yawPid                          (abs)        000000
__smallconst                              smallconst   000F00
__tdiv_to_l_                              text26       0031AE
__tdiv_to_l_@cntr                         cstackCOMRAM 000020
__tdiv_to_l_@exp1                         cstackCOMRAM 000021
__tdiv_to_l_@f1                           cstackCOMRAM 000013
__tdiv_to_l_@f2                           cstackCOMRAM 000016
__tdiv_to_l_@quot                         cstackCOMRAM 00001C
_accCounter                               bssBANK0     0000B9
_accel_Init                               text4        00428C
_acki2c                                   text15       00454E
_ax                                       bssBANK0     00007C
_axState                                  bssBANK1     000157
_ay                                       bssBANK0     000079
_ayState                                  bssBANK1     000148
_az                                       bssBANK0     000076
_azState                                  bssBANK1     000139
_begin                                    bssBANK0     0000BA
_beginCounter                             bssBANK0     0000B7
_checkI2Cbusy                             text13       0044BE
_computeRollPitch                         text41       002A56
_computeRollPitch$2957                    cstackBANK1  000175
_computeRollPitch$2958                    cstackBANK1  000178
_computeRollPitch$2959                    cstackBANK1  00017B
_dpowers                                  smallconst   000F01
_fabs                                     text46       004198
_fastatan2                                text42       001D34
_fastatan2$2960                           cstackBANK0  0000E9
_fastatan2$2961                           cstackBANK0  0000EC
_fastatan2$2962                           cstackBANK0  0000EF
_filterData                               text39       00394E
_fround                                   text22       00237A
_fround$2965                              cstackBANK0  0000C4
_fround$2966                              cstackBANK0  0000C1
_gx                                       bssBANK0     000073
_gxState                                  bssBANK1     00012A
_gy                                       bssBANK0     000070
_gyState                                  bssBANK1     00011B
_gyro_Init                                text3        0043C4
_gz                                       bssBANK0     00006D
_gzState                                  bssBANK1     00010C
_i2c1_object                              bssBANK0     000060
_i2c1_state                               bssCOMRAM    000049
_i2c1_tr_queue                            bssBANK0     0000BB
_i2c1_trb_count                           bssCOMRAM    000048
_interrupt_Init                           text38       004554
_isdigit                                  text21       004400
_isdigit$2516                             cstackCOMRAM 000014
_kalmanUpdate                             text40       002854
_kalmanUpdate$2964                        cstackBANK0  0000E8
_kalman_Init                              text37       002C2A
_main                                     text0        002078
_maximum                                  text44       00404A
_minimum                                  text43       00400C
_p_i2c1_current                           bssBANK0     0000AB
_p_i2c1_trb_current                       bssCOMRAM    000040
_pid                                      text32       00352E
_pid_Init                                 text31       00364C
_pitch                                    bssBANK1     000106
_pitchAcc                                 bssBANK1     000100
_pitchAdj                                 bssBANK0     0000B3
_pitchIntegral                            bssBANK0     00008B
_pitchPid                                 text36       00456C
_pitchPreviousError                       bssBANK0     00008E
_pitchkd                                  bssBANK0     000091
_pitchki                                  bssBANK0     000094
_pitchkp                                  bssBANK0     000097
_printf                                   text17       000FAA
_printf$2968                              cstackBANK1  000172
_putch                                    text19       00453A
_readAccel                                text8        003408
_readGyro                                 text7        003CF8
_readSensors                              text6        004530
_readi2c                                  text14       0044E2
[...]
Total ram usage:        0 bytes
 Hardware stack levels used:    1
 Hardware stack levels required when called:    4
 This function calls:
		Nothing
 This function is called by:
		_SYSTEM_Initialize
 This function uses a non-reentrant model


 *************** function _EUSART1_Read *****************
 Defined at:
		line 77 in file "mcc_generated_files/eusart1.c"
 Parameters:    Size  Location     Type
		None
 Auto vars:     Size  Location     Type
		None
 Return value:  Size  Location     Type
                  1    wreg      unsigned char 
 Registers used:
		wreg, status,2
 Tracked objects:
		On entry : 
		On exit  : 
		Unchanged: 
 Data sizes:     COMRAM   BANK0   BANK1   BANK2   BANK3   BANK4   BANK5   BANK6   BANK7   BANK8   BANK9  BANK10  BANK11  BANK12  BANK13  BANK14
      Params:         0       0       0       0       0       0       0       0       0       0       0       0       0       0       0       0
      Locals:         0       0       0       0       0       0       0       0       0       0       0       0       0       0       0       0
      Temps:          0       0       0       0       0       0       0       0       0       0       0       0       0       0       0       0
      Totals:         0       0       0       0       0       0       0       0       0       0       0       0       0       0       0       0
Total ram usage:        0 bytes
 Hardware stack levels used:    1
 Hardware stack levels required when called:    4
 This function calls:
		Nothing
 This function is called by:
		_main
		_getch
 This function uses a non-reentrant model


 *************** function _INTERRUPT_InterruptManagerHigh *****************
 Defined at:
		line 68 in file "mcc_generated_files/interrupt_manager.c"
 Parameters:    Size  Location     Type
		None
 Auto vars:     Size  Location     Type
		None
 Return value:  Size  Location     Type
                  1    wreg      void 
 Registers used:
		wreg, status,2, status,0, pclath, tosl, cstack
 Tracked objects:
		On entry : 
		On exit  : 
		Unchanged: 
 Data sizes:     COMRAM   BANK0   BANK1   BANK2   BANK3   BANK4   BANK5   BANK6   BANK7   BANK8   BANK9  BANK10  BANK11  BANK12  BANK13  BANK14
      Params:         0       0       0       0       0       0       0       0       0       0       0       0       0       0       0       0
      Locals:         0       0       0       0       0       0       0       0       0       0       0       0       0       0       0       0
      Temps:         14       0       0       0       0       0       0       0       0       0       0       0       0       0       0       0
      Totals:        14       0       0       0       0       0       0       0       0       0       0       0       0       0       0       0
Total ram usage:       14 bytes
 Hardware stack levels used:    1
 Hardware stack levels required when called:    3
 This function calls:
		_TMR2_ISR
 This function is called by:
		Interrupt level 2
 This function uses a non-reentrant model


 *************** function _TMR2_ISR *****************
 Defined at:
		line 173 in file "mcc_generated_files/tmr2.c"
 Parameters:    Size  Location     Type
		None
 Auto vars:     Size  Location     Type
		None
 Return value:  Size  Location     Type
                  1    wreg      void 
 Registers used:
		wreg, status,2, status,0, pclath, tosl, cstack
 Tracked objects:
		On entry : 
		On exit  : 
		Unchanged: 
 Data sizes:     COMRAM   BANK0   BANK1   BANK2   BANK3   BANK4   BANK5   BANK6   BANK7   BANK8   BANK9  BANK10  BANK11  BANK12  BANK13  BANK14
      Params:         0       0       0       0       0       0       0       0       0       0       0       0       0       0       0       0
      Locals:         0       0       0       0       0       0       0       0       0       0       0       0       0       0       0       0
      Temps:          0       0       0       0       0       0       0       0       0       0       0       0       0       0       0       0
      Totals:         0       0       0       0       0       0       0       0       0       0       0       0       0       0       0       0
Total ram usage:        0 bytes
 Hardware stack levels used:    1
 Hardware stack levels required when called:    2
 This function calls:
		Absolute function
		_TMR2_DefaultInterruptHandler
 This function is called by:
		_INTERRUPT_InterruptManagerHigh
 This function uses a non-reentrant model


 *************** function _TMR2_DefaultInterruptHandler *****************
 Defined at:
		line 190 in file "mcc_generated_files/tmr2.c"
 Parameters:    Size  Location     Type
		None
 Auto vars:     Size  Location     Type
		None
 Return value:  Size  Location     Type
                  1    wreg      void 
 Registers used:
		wreg, status,2, status,0, cstack
 Tracked objects:
		On entry : 
		On exit  : 
		Unchanged: 
 Data sizes:     COMRAM   BANK0   BANK1   BANK2   BANK3   BANK4   BANK5   BANK6   BANK7   BANK8   BANK9  BANK10  BANK11  BANK12  BANK13  BANK14
      Params:         0       0       0       0       0       0       0       0       0       0       0       0       0       0       0       0
      Locals:         0       0       0       0       0       0       0       0       0       0       0       0       0       0       0       0
      Temps:          0       0       0       0       0       0       0       0       0       0       0       0       0       0       0       0
      Totals:         0       0       0       0       0       0       0       0       0       0       0       0       0       0       0       0
Total ram usage:        0 bytes
 Hardware stack levels used:    1
 Hardware stack levels required when called:    1
 This function calls:
		_PWM1_LoadDutyValue
		_PWM2_LoadDutyValue
		_PWM3_LoadDutyValue
		_PWM4_LoadDutyValue
 This function is called by:
		_TMR2_Initialize
		_TMR2_ISR
 This function uses a non-reentrant model


 *************** function _PWM4_LoadDutyValue *****************
 Defined at:
		line 74 in file "mcc_generated_files/pwm4.c"
 Parameters:    Size  Location     Type
  dutyValue       2    0[COMRAM] unsigned int 
 Auto vars:     Size  Location     Type
		None
 Return value:  Size  Location     Type
                  1    wreg      void 
 Registers used:
		wreg, status,2, status,0
 Tracked objects:
		On entry : 
		On exit  : 
		Unchanged: 
 Data sizes:     COMRAM   BANK0   BANK1   BANK2   BANK3   BANK4   BANK5   BANK6   BANK7   BANK8   BANK9  BANK10  BANK11  BANK12  BANK13  BANK14
      Params:         2       0       0       0       0       0       0       0       0       0       0       0       0       0       0       0
      Locals:         0       0       0       0       0       0       0       0       0       0       0       0       0       0       0       0
      Temps:          2       0       0       0       0       0       0       0       0       0       0       0       0       0       0       0
      Totals:         4       0       0       0       0       0       0       0       0       0       0       0       0       0       0       0
Total ram usage:        4 bytes
 Hardware stack levels used:    1
 This function calls:
		Nothing
 This function is called by:
		_TMR2_DefaultInterruptHandler
 This function uses a non-reentrant model


 *************** function _PWM3_LoadDutyValue *****************
 Defined at:
		line 74 in file "mcc_generated_files/pwm3.c"
 Parameters:    Size  Location     Type
  dutyValue       2    0[COMRAM] unsigned int 
 Auto vars:     Size  Location     Type
		None
 Return value:  Size  Location     Type
                  1    wreg      void 
 Registers used:
		wreg, status,2, status,0
 Tracked objects:
		On entry : 
		On exit  : 
		Unchanged: 
 Data sizes:     COMRAM   BANK0   BANK1   BANK2   BANK3   BANK4   BANK5   BANK6   BANK7   BANK8   BANK9  BANK10  BANK11  BANK12  BANK13  BANK14
      Params:         2       0       0       0       0       0       0       0       0       0       0       0       0       0       0       0
      Locals:         0       0       0       0       0       0       0       0       0       0       0       0       0       0       0       0
      Temps:          2       0       0       0       0       0       0       0       0       0       0       0       0       0       0       0
      Totals:         4       0       0       0       0       0       0       0       0       0       0       0       0       0       0       0
Total ram usage:        4 bytes
 Hardware stack levels used:    1
 This function calls:
		Nothing
 This function is called by:
		_TMR2_DefaultInterruptHandler
 This function uses a non-reentrant model


 *************** function _PWM2_LoadDutyValue *****************
 Defined at:
		line 80 in file "mcc_generated_files/pwm2.c"
 Parameters:    Size  Location     Type
  dutyValue       2    0[COMRAM] unsigned int 
 Auto vars:     Size  Location     Type
		None
 Return value:  Size  Location     Type
                  1    wreg      void 
 Registers used:
		wreg, status,2, status,0
 Tracked objects:
		On entry : 
		On exit  : 
		Unchanged: 
 Data sizes:     COMRAM   BANK0   BANK1   BANK2   BANK3   BANK4   BANK5   BANK6   BANK7   BANK8   BANK9  BANK10  BANK11  BANK12  BANK13  BANK14
      Params:         2       0       0       0       0       0       0       0       0       0       0       0       0       0       0       0
      Locals:         0       0       0       0       0       0       0       0       0       0       0       0       0       0       0       0
      Temps:          0       0       0       0       0       0       0       0       0       0       0       0       0       0       0       0
      Totals:         2       0       0       0       0       0       0       0       0       0       0       0       0       0       0       0
Total ram usage:        2 bytes
 Hardware stack levels used:    1
 This function calls:
		Nothing
 This function is called by:
		_TMR2_DefaultInterruptHandler
 This function uses a non-reentrant model


 *************** function _PWM1_LoadDutyValue *****************
 Defined at:
		line 80 in file "mcc_generated_files/pwm1.c"
 Parameters:    Size  Location     Type
  dutyValue       2    0[COMRAM] unsigned int 
 Auto vars:     Size  Location     Type
		None
 Return value:  Size  Location     Type
                  1    wreg      void 
 Registers used:
		wreg, status,2, status,0
 Tracked objects:
		On entry : 
		On exit  : 
		Unchanged: 
 Data sizes:     COMRAM   BANK0   BANK1   BANK2   BANK3   BANK4   BANK5   BANK6   BANK7   BANK8   BANK9  BANK10  BANK11  BANK12  BANK13  BANK14
      Params:         2       0       0       0       0       0       0       0       0       0       0       0       0       0       0       0
      Locals:         0       0       0       0       0       0       0       0       0       0       0       0       0       0       0       0
      Temps:          0       0       0       0       0       0       0       0       0       0       0       0       0       0       0       0
      Totals:         2       0       0       0       0       0       0       0       0       0       0       0       0       0       0       0
Total ram usage:        2 bytes
 Hardware stack levels used:    1
 This function calls:
		Nothing
 This function is called by:
		_TMR2_DefaultInterruptHandler
 This function uses a non-reentrant model



MODULE INFORMATION

Module		Function		Class		Link	Load	Size
C:\Program Files (x86)\Microchip\xc8\v1.42\sources\common\ftmul.c
		___ftmul       		CODE           	385A	0000	245

C:\Program Files (x86)\Microchip\xc8\v1.42\sources\common\ftmul.c estimated size: 245

C:\Program Files (x86)\Microchip\xc8\v1.42\sources\common\ftdivl.c
		__tdiv_to_l_   		CODE           	31AE	0000	307

C:\Program Files (x86)\Microchip\xc8\v1.42\sources\common\ftdivl.c estimated size: 307

C:\Program Files (x86)\Microchip\xc8\v1.42\sources\common\ftdiv.c
		___ftdiv       		CODE           	2F1E	0000	333

C:\Program Files (x86)\Microchip\xc8\v1.42\sources\common\ftdiv.c estimated size: 333

C:\Program Files (x86)\Microchip\xc8\v1.42\sources\common\awdiv.c
		___awdiv       		CODE           	3D88	0000	133

C:\Program Files (x86)\Microchip\xc8\v1.42\sources\common\awdiv.c estimated size: 133

mcc_generated_files/pwm4.c
		_PWM4_Initialize		CODE           	443C	0000	23
		_PWM4_LoadDutyValue		CODE           	41CA	0000	51

mcc_generated_files/pwm4.c estimated size: 74

C:\Program Files (x86)\Microchip\xc8\v1.42\sources\common\lldiv.c
		___lldiv       		CODE           	3E0C	0000	131

C:\Program Files (x86)\Microchip\xc8\v1.42\sources\common\lldiv.c estimated size: 131

C:\Program Files (x86)\Microchip\xc8\v1.42\sources\common\fldivl.c
		__div_to_l_    		CODE           	32E0	0000	297

C:\Program Files (x86)\Microchip\xc8\v1.42\sources\common\fldivl.c estimated size: 297

mcc_generated_files/tmr2.c
		_TMR2_ISR      		CODE           	4336	0000	39
		_TMR2_Initialize		CODE           	4130	0000	55
		_TMR2_Start    		CODE           	4562	0000	5
		_TMR2_SetInterruptHandler		CODE           	4500	0000	15
		_TMR2_DefaultInterruptHandler		CODE           	3C62	0000	151

mcc_generated_files/tmr2.c estimated size: 265

mcc_generated_files/interrupt_manager.c
		_INTERRUPT_Initialize		CODE           	451A	0000	13
		_INTERRUPT_InterruptManagerHigh		CODE           	0008	0000	133

mcc_generated_files/interrupt_manager.c estimated size: 146

mcc_generated_files/pwm2.c
		_PWM2_Initialize		CODE           	4468	0000	23
		_PWM2_LoadDutyValue		CODE           	42B8	0000	45

mcc_generated_files/pwm2.c estimated size: 68

mcc_generated_files/tmr0.c
		_TMR0_StopTimer		CODE           	455E	0000	5
		_TMR0_StartTimer		CODE           	4566	0000	5
		_TMR0_Write16bitTimer		CODE           	4544	0000	11
		_TMR0_Read16bitTimer		CODE           	441E	0000	31
		_TMR0_Initialize		CODE           	422E	0000	49

mcc_generated_files/tmr0.c estimated size: 101

mcc_generated_files/i2c1.c
		_I2C1_Initialize		CODE           	40F8	0000	57

mcc_generated_files/i2c1.c estimated size: 57

kalman.c
		_kalman_Init   		CODE           	2C2A	0000	399
		_kalmanUpdate  		CODE           	2854	0000	515
		_filterData    		CODE           	394E	0000	243

kalman.c estimated size: 1157

sensors.c
		_gyro_Init     		CODE           	43C4	0000	31
		_readGyro      		CODE           	3CF8	0000	145
		_readAccel     		CODE           	3408	0000	295
		_sensors_Init  		CODE           	4526	0000	11
		_accel_Init    		CODE           	428C	0000	45
		_readSensors   		CODE           	4530	0000	11

sensors.c estimated size: 538

i2c.c
		_writei2c      		CODE           	44AA	0000	21
		_checkI2Cbusy  		CODE           	44BE	0000	19
		_writei2cData  		CODE           	43E2	0000	31
		_starti2c      		CODE           	450E	0000	13
		_acki2c        		CODE           	454E	0000	7
		_stopi2c       		CODE           	455A	0000	5
		_readi2c       		CODE           	44E2	0000	17
		_readi2cData   		CODE           	3BB6	0000	173

i2c.c estimated size: 286

C:\Program Files (x86)\Microchip\xc8\v1.42\sources\common\fttol.c
		___fttol       		CODE           	306A	0000	325

C:\Program Files (x86)\Microchip\xc8\v1.42\sources\common\fttol.c estimated size: 325

C:\Program Files (x86)\Microchip\xc8\v1.42\sources\common\ftge.c
		___ftge        		CODE           	3A40	0000	201

C:\Program Files (x86)\Microchip\xc8\v1.42\sources\common\ftge.c estimated size: 201

mcc_generated_files/pin_manager.c
		_PIN_MANAGER_Initialize		CODE           	375C	0000	255

mcc_generated_files/pin_manager.c estimated size: 255

C:\Program Files (x86)\Microchip\xc8\v1.42\sources\common\fabs.c
		_fabs          		CODE           	4198	0000	51

C:\Program Files (x86)\Microchip\xc8\v1.42\sources\common\fabs.c estimated size: 51

C:\Program Files (x86)\Microchip\xc8\v1.42\sources\common\awtoft.c
		___awtoft      		CODE           	40C0	0000	57

C:\Program Files (x86)\Microchip\xc8\v1.42\sources\common\awtoft.c estimated size: 57

C:\Program Files (x86)\Microchip\xc8\v1.42\sources\common\ftadd.c
		___ftadd       		CODE           	25EC	0000	617

C:\Program Files (x86)\Microchip\xc8\v1.42\sources\common\ftadd.c estimated size: 617

C:\Program Files (x86)\Microchip\xc8\v1.42\sources\common\isdigit.c
		_isdigit       		CODE           	4400	0000	31

C:\Program Files (x86)\Microchip\xc8\v1.42\sources\common\isdigit.c estimated size: 31

C:\Program Files (x86)\Microchip\xc8\v1.42\sources\common\lwtoft.c
		___lwtoft      		CODE           	4380	0000	37

C:\Program Files (x86)\Microchip\xc8\v1.42\sources\common\lwtoft.c estimated size: 37

shared
		__powers_      		SMALLCONST     	0F29	0000	40
		_dpowers       		SMALLCONST     	0F01	0000	41
		__npowers_     		SMALLCONST     	0F50	0000	40
		__initialization		CODE           	4166	0000	41

shared estimated size: 162

mcc_generated_files/eusart1.c
		_EUSART1_Initialize		CODE           	4494	0000	23
		_putch         		CODE           	453A	0000	11
		_EUSART1_Read  		CODE           	44D0	0000	19
		_EUSART1_Write 		CODE           	44F2	0000	15

mcc_generated_files/eusart1.c estimated size: 68

C:\Program Files (x86)\Microchip\xc8\v1.42\sources\common\ftneg.c
		___ftneg       		CODE           	435C	0000	37

C:\Program Files (x86)\Microchip\xc8\v1.42\sources\common\ftneg.c estimated size: 37

mcc_generated_files/mcc.c
		_OSCILLATOR_Initialize		CODE           	43A4	0000	33
		_SYSTEM_Initialize		CODE           	425E	0000	47

mcc_generated_files/mcc.c estimated size: 80

C:\Program Files (x86)\Microchip\xc8\v1.42\sources\common\ftsub.c
		___ftsub       		CODE           	3FC0	0000	77

C:\Program Files (x86)\Microchip\xc8\v1.42\sources\common\ftsub.c estimated size: 77

mcc_generated_files/pwm3.c
		_PWM3_Initialize		CODE           	4452	0000	23
		_PWM3_LoadDutyValue		CODE           	41FC	0000	51

mcc_generated_files/pwm3.c estimated size: 74

C:\Program Files (x86)\Microchip\xc8\v1.42\sources\common\float.c
		___ftpack      		CODE           	3B08	0000	175

C:\Program Files (x86)\Microchip\xc8\v1.42\sources\common\float.c estimated size: 175

calculations.c
		_minimum       		CODE           	400C	0000	63
		_computeRollPitch		CODE           	2A56	0000	469
		_fastatan2     		CODE           	1D34	0000	837
		_maximum       		CODE           	404A	0000	63

calculations.c estimated size: 1432

mcc_generated_files/pwm1.c
		_PWM1_Initialize		CODE           	447E	0000	23
		_PWM1_LoadDutyValue		CODE           	42E4	0000	45

mcc_generated_files/pwm1.c estimated size: 68

C:\Program Files (x86)\Microchip\xc8\v1.42\sources\common\doprnt.c
		_scale         		CODE           	18D6	0000	1119
		_printf        		CODE           	0FAA	0000	2349
		_fround        		CODE           	237A	0000	627

C:\Program Files (x86)\Microchip\xc8\v1.42\sources\common\doprnt.c estimated size: 4095

C:\Program Files (x86)\Microchip\xc8\v1.42\sources\common\awmod.c
		___awmod       		CODE           	3E8E	0000	113

C:\Program Files (x86)\Microchip\xc8\v1.42\sources\common\awmod.c estimated size: 113

C:\Program Files (x86)\Microchip\xc8\v1.42\sources\common\lltoft.c
		___lltoft      		CODE           	3F64	0000	93

C:\Program Files (x86)\Microchip\xc8\v1.42\sources\common\lltoft.c estimated size: 93

C:\Program Files (x86)\Microchip\xc8\v1.42\sources\common\llmod.c
		___llmod       		CODE           	3EFE	0000	103

C:\Program Files (x86)\Microchip\xc8\v1.42\sources\common\llmod.c estimated size: 103

C:\Program Files (x86)\Microchip\xc8\v1.42\sources\common\Umul16.c
		___wmul        		CODE           	4310	0000	39

C:\Program Files (x86)\Microchip\xc8\v1.42\sources\common\Umul16.c estimated size: 39

main.c
		_main          		CODE           	2078	0000	771
		_interrupt_Init		CODE           	4554	0000	7
		_unlockI2C     		CODE           	4088	0000	57

main.c estimated size: 835

pid.c
		_rollPid       		CODE           	2DB8	0000	359
		_pid_Init      		CODE           	364C	0000	273
		_pitchPid      		CODE           	456C	0000	3
		_pid           		CODE           	352E	0000	287
		_yawPid        		CODE           	456A	0000	3

pid.c estimated size: 925

